/share/project/wangjiahao/anaconda3/envs/nova3/lib/python3.10/site-packages/_distutils_hack/__init__.py:53: UserWarning: Reliance on distutils from stdlib is deprecated. Users must rely on setuptools to provide the distutils module. Avoid importing distutils or import setuptools first, and avoid setting SETUPTOOLS_USE_DISTUTILS=stdlib. Register concerns at https://github.com/pypa/setuptools/issues/new?template=distutils-deprecation.yml
  warnings.warn(
2025-10-20 11:39:24.954965: I tensorflow/core/platform/cpu_feature_guard.cc:193] This TensorFlow binary is optimized with oneAPI Deep Neural Network Library (oneDNN) to use the following CPU instructions in performance-critical operations:  AVX2 FMA
To enable them in other operations, rebuild TensorFlow with the appropriate compiler flags.
2025-10-20 11:39:25.426959: E tensorflow/stream_executor/cuda/cuda_blas.cc:2981] Unable to register cuBLAS factory: Attempting to register factory for plugin cuBLAS when one has already been registered
2025-10-20 11:39:27.038703: W tensorflow/stream_executor/platform/default/dso_loader.cc:64] Could not load dynamic library 'libnvinfer.so.7'; dlerror: libnvinfer.so.7: cannot open shared object file: No such file or directory; LD_LIBRARY_PATH: /share/project/wangjiahao/anaconda3/envs/nova3/lib/python3.10/site-packages/cv2/../../lib64:/usr/local/cuda/compat/lib.real:/usr/local/lib/python3.10/dist-packages/torch/lib:/usr/local/lib/python3.10/dist-packages/torch_tensorrt/lib:/usr/local/cuda/compat/lib:/usr/local/nvidia/lib:/usr/local/nvidia/lib64
2025-10-20 11:39:27.039026: W tensorflow/stream_executor/platform/default/dso_loader.cc:64] Could not load dynamic library 'libnvinfer_plugin.so.7'; dlerror: libnvinfer_plugin.so.7: cannot open shared object file: No such file or directory; LD_LIBRARY_PATH: /share/project/wangjiahao/anaconda3/envs/nova3/lib/python3.10/site-packages/cv2/../../lib64:/usr/local/cuda/compat/lib.real:/usr/local/lib/python3.10/dist-packages/torch/lib:/usr/local/lib/python3.10/dist-packages/torch_tensorrt/lib:/usr/local/cuda/compat/lib:/usr/local/nvidia/lib:/usr/local/nvidia/lib64
2025-10-20 11:39:27.039032: W tensorflow/compiler/tf2tensorrt/utils/py_utils.cc:38] TF-TRT Warning: Cannot dlopen some TensorRT libraries. If you would like to use Nvidia GPU with TensorRT, please make sure the missing libraries mentioned above are installed properly.
INFO train_torchrun.py:60] Called with args:
Namespace(cfg='/share/project/wangjiahao/LAR/diffnext/config/t2i/sdxl28m_nova_d48w1536_1024px_finetune_nova_v3.yml', exp_dir='exp_dir/t2i/linear_decouple1_kvscale1_w1536_6node_finetune_nova_1024px_v3', tensorboard=True, distributed=False, host='', deepspeed='/share/project/wangjiahao/LAR/configs/deepspeed/zero2_bf16.json', num_gpus='8', world_size='6', rank='2', master_ip='job-ead216a2-e2ba-46da-8e87-bae181933456-master-0')
INFO train_torchrun.py:64] Using config:
GPU_ID: 0
MODEL:
  CONFIG: {'image_dim': 4, 'image_size': [1024, 1024], 'image_stride': 8, 'text_token_dim': 2560, 'text_token_len': 256, 'video_base_size': [1, 32, 32], 'image_base_size': [64, 64], 'arch': ['vit_d16w1536', 'vit_d32w1536', 'mlp_d6w1536']}
  PRECISION: bfloat16
  TYPE: transformer
  WEIGHTS: /share/project/wangjiahao/LAR/pretrained/models.t2i/finetune_nova_d48w1536_1024px_v3
NUM_GPUS: 48
PIPELINE:
  MODULES: {'scheduler': '/share/project/panting/mm_ckpt/nova_shared/scheduler/flow', 'text_encoder': '/share/project/panting/mm_ckpt/nova_shared/text_encoder/phi2', 'tokenizer': '/share/project/panting/mm_ckpt/nova_shared/tokenizer/phi2', 'vae': '/share/project/panting/mm_ckpt/nova_shared/vae/sdxl', 'model_index': '/share/project/wangjiahao/LAR/diffnext/model_index/linear/t2i/linear_decouple1_kvscale1_high_res_flow_sdxl_phi2_nova.json'}
  TYPE: nova_train_t2i
RNG_SEED: 3
SOLVER:
  ACCUM_STEPS: 1
  ADAM_BETA2: 0.95
  BASE_LR: 5e-05
  DECAY_GAMMA: 0.5
  DECAY_STEPS: []
  DISPLAY: 20
  EMA_EVERY: 100
  LR_POLICY: 
  MAX_STEPS: 2500000
  MIN_LR: 0.0
  OPTIMIZER: AdamW
  SNAPSHOT_EVERY: 5000
  SNAPSHOT_PREFIX: sdxl28m_nova_d48w1536_256px
  WARM_UP_FACTOR: 0.001
  WARM_UP_STEPS: 10000
  WEIGHT_DECAY: 0.02
TRAIN:
  BATCH_SIZE: 1
  CHECKPOINTING: 2
  DATASET: /share/project/panting/share_datasets/emu3_sdxl1024_train16m
  DATASET2: 
  DEVICE_EMA: gpu
  LOADER: vae_train
  LOSS_REPEAT: 4
  MODEL_EMA: 0.99
  NUM_THREADS: 8
W1020 11:39:36.526000 140424034142016 torch/distributed/run.py:779] 
W1020 11:39:36.526000 140424034142016 torch/distributed/run.py:779] *****************************************
W1020 11:39:36.526000 140424034142016 torch/distributed/run.py:779] Setting OMP_NUM_THREADS environment variable for each process to be 1 in default, to avoid your system being overloaded, please further tune the variable for optimal performance in your application as needed. 
W1020 11:39:36.526000 140424034142016 torch/distributed/run.py:779] *****************************************
/share/project/wangjiahao/anaconda3/envs/nova3/lib/python3.10/site-packages/_distutils_hack/__init__.py:53: UserWarning: Reliance on distutils from stdlib is deprecated. Users must rely on setuptools to provide the distutils module. Avoid importing distutils or import setuptools first, and avoid setting SETUPTOOLS_USE_DISTUTILS=stdlib. Register concerns at https://github.com/pypa/setuptools/issues/new?template=distutils-deprecation.yml
  warnings.warn(
/share/project/wangjiahao/anaconda3/envs/nova3/lib/python3.10/site-packages/_distutils_hack/__init__.py:53: UserWarning: Reliance on distutils from stdlib is deprecated. Users must rely on setuptools to provide the distutils module. Avoid importing distutils or import setuptools first, and avoid setting SETUPTOOLS_USE_DISTUTILS=stdlib. Register concerns at https://github.com/pypa/setuptools/issues/new?template=distutils-deprecation.yml
  warnings.warn(
/share/project/wangjiahao/anaconda3/envs/nova3/lib/python3.10/site-packages/_distutils_hack/__init__.py:53: UserWarning: Reliance on distutils from stdlib is deprecated. Users must rely on setuptools to provide the distutils module. Avoid importing distutils or import setuptools first, and avoid setting SETUPTOOLS_USE_DISTUTILS=stdlib. Register concerns at https://github.com/pypa/setuptools/issues/new?template=distutils-deprecation.yml
  warnings.warn(
/share/project/wangjiahao/anaconda3/envs/nova3/lib/python3.10/site-packages/_distutils_hack/__init__.py:53: UserWarning: Reliance on distutils from stdlib is deprecated. Users must rely on setuptools to provide the distutils module. Avoid importing distutils or import setuptools first, and avoid setting SETUPTOOLS_USE_DISTUTILS=stdlib. Register concerns at https://github.com/pypa/setuptools/issues/new?template=distutils-deprecation.yml
  warnings.warn(
/share/project/wangjiahao/anaconda3/envs/nova3/lib/python3.10/site-packages/_distutils_hack/__init__.py:53: UserWarning: Reliance on distutils from stdlib is deprecated. Users must rely on setuptools to provide the distutils module. Avoid importing distutils or import setuptools first, and avoid setting SETUPTOOLS_USE_DISTUTILS=stdlib. Register concerns at https://github.com/pypa/setuptools/issues/new?template=distutils-deprecation.yml
  warnings.warn(
/share/project/wangjiahao/anaconda3/envs/nova3/lib/python3.10/site-packages/_distutils_hack/__init__.py:53: UserWarning: Reliance on distutils from stdlib is deprecated. Users must rely on setuptools to provide the distutils module. Avoid importing distutils or import setuptools first, and avoid setting SETUPTOOLS_USE_DISTUTILS=stdlib. Register concerns at https://github.com/pypa/setuptools/issues/new?template=distutils-deprecation.yml
  warnings.warn(
/share/project/wangjiahao/anaconda3/envs/nova3/lib/python3.10/site-packages/_distutils_hack/__init__.py:53: UserWarning: Reliance on distutils from stdlib is deprecated. Users must rely on setuptools to provide the distutils module. Avoid importing distutils or import setuptools first, and avoid setting SETUPTOOLS_USE_DISTUTILS=stdlib. Register concerns at https://github.com/pypa/setuptools/issues/new?template=distutils-deprecation.yml
  warnings.warn(
/share/project/wangjiahao/anaconda3/envs/nova3/lib/python3.10/site-packages/_distutils_hack/__init__.py:53: UserWarning: Reliance on distutils from stdlib is deprecated. Users must rely on setuptools to provide the distutils module. Avoid importing distutils or import setuptools first, and avoid setting SETUPTOOLS_USE_DISTUTILS=stdlib. Register concerns at https://github.com/pypa/setuptools/issues/new?template=distutils-deprecation.yml
  warnings.warn(
2025-10-20 11:42:11.897106: I tensorflow/core/platform/cpu_feature_guard.cc:193] This TensorFlow binary is optimized with oneAPI Deep Neural Network Library (oneDNN) to use the following CPU instructions in performance-critical operations:  AVX2 FMA
To enable them in other operations, rebuild TensorFlow with the appropriate compiler flags.
2025-10-20 11:42:11.897189: I tensorflow/core/platform/cpu_feature_guard.cc:193] This TensorFlow binary is optimized with oneAPI Deep Neural Network Library (oneDNN) to use the following CPU instructions in performance-critical operations:  AVX2 FMA
To enable them in other operations, rebuild TensorFlow with the appropriate compiler flags.
2025-10-20 11:42:11.897313: I tensorflow/core/platform/cpu_feature_guard.cc:193] This TensorFlow binary is optimized with oneAPI Deep Neural Network Library (oneDNN) to use the following CPU instructions in performance-critical operations:  AVX2 FMA
To enable them in other operations, rebuild TensorFlow with the appropriate compiler flags.
2025-10-20 11:42:11.902182: I tensorflow/core/platform/cpu_feature_guard.cc:193] This TensorFlow binary is optimized with oneAPI Deep Neural Network Library (oneDNN) to use the following CPU instructions in performance-critical operations:  AVX2 FMA
To enable them in other operations, rebuild TensorFlow with the appropriate compiler flags.
2025-10-20 11:42:11.902293: I tensorflow/core/platform/cpu_feature_guard.cc:193] This TensorFlow binary is optimized with oneAPI Deep Neural Network Library (oneDNN) to use the following CPU instructions in performance-critical operations:  AVX2 FMA
To enable them in other operations, rebuild TensorFlow with the appropriate compiler flags.
2025-10-20 11:42:11.902409: I tensorflow/core/platform/cpu_feature_guard.cc:193] This TensorFlow binary is optimized with oneAPI Deep Neural Network Library (oneDNN) to use the following CPU instructions in performance-critical operations:  AVX2 FMA
To enable them in other operations, rebuild TensorFlow with the appropriate compiler flags.
2025-10-20 11:42:11.902407: I tensorflow/core/platform/cpu_feature_guard.cc:193] This TensorFlow binary is optimized with oneAPI Deep Neural Network Library (oneDNN) to use the following CPU instructions in performance-critical operations:  AVX2 FMA
To enable them in other operations, rebuild TensorFlow with the appropriate compiler flags.
2025-10-20 11:42:11.902440: I tensorflow/core/platform/cpu_feature_guard.cc:193] This TensorFlow binary is optimized with oneAPI Deep Neural Network Library (oneDNN) to use the following CPU instructions in performance-critical operations:  AVX2 FMA
To enable them in other operations, rebuild TensorFlow with the appropriate compiler flags.
2025-10-20 11:42:12.126369: E tensorflow/stream_executor/cuda/cuda_blas.cc:2981] Unable to register cuBLAS factory: Attempting to register factory for plugin cuBLAS when one has already been registered
2025-10-20 11:42:12.126433: E tensorflow/stream_executor/cuda/cuda_blas.cc:2981] Unable to register cuBLAS factory: Attempting to register factory for plugin cuBLAS when one has already been registered
2025-10-20 11:42:12.126450: E tensorflow/stream_executor/cuda/cuda_blas.cc:2981] Unable to register cuBLAS factory: Attempting to register factory for plugin cuBLAS when one has already been registered
2025-10-20 11:42:12.126808: E tensorflow/stream_executor/cuda/cuda_blas.cc:2981] Unable to register cuBLAS factory: Attempting to register factory for plugin cuBLAS when one has already been registered
2025-10-20 11:42:12.126808: E tensorflow/stream_executor/cuda/cuda_blas.cc:2981] Unable to register cuBLAS factory: Attempting to register factory for plugin cuBLAS when one has already been registered
2025-10-20 11:42:12.127755: E tensorflow/stream_executor/cuda/cuda_blas.cc:2981] Unable to register cuBLAS factory: Attempting to register factory for plugin cuBLAS when one has already been registered
2025-10-20 11:42:12.127774: E tensorflow/stream_executor/cuda/cuda_blas.cc:2981] Unable to register cuBLAS factory: Attempting to register factory for plugin cuBLAS when one has already been registered
2025-10-20 11:42:12.180001: E tensorflow/stream_executor/cuda/cuda_blas.cc:2981] Unable to register cuBLAS factory: Attempting to register factory for plugin cuBLAS when one has already been registered
2025-10-20 11:42:14.290010: W tensorflow/stream_executor/platform/default/dso_loader.cc:64] Could not load dynamic library 'libnvinfer.so.7'; dlerror: libnvinfer.so.7: cannot open shared object file: No such file or directory; LD_LIBRARY_PATH: /share/project/wangjiahao/anaconda3/envs/nova3/lib/python3.10/site-packages/cv2/../../lib64:/share/project/wangjiahao/anaconda3/envs/nova3/lib/python3.10/site-packages/cv2/../../lib64:/usr/local/cuda/compat/lib.real:/usr/local/lib/python3.10/dist-packages/torch/lib:/usr/local/lib/python3.10/dist-packages/torch_tensorrt/lib:/usr/local/cuda/compat/lib:/usr/local/nvidia/lib:/usr/local/nvidia/lib64
2025-10-20 11:42:14.290046: W tensorflow/stream_executor/platform/default/dso_loader.cc:64] Could not load dynamic library 'libnvinfer.so.7'; dlerror: libnvinfer.so.7: cannot open shared object file: No such file or directory; LD_LIBRARY_PATH: /share/project/wangjiahao/anaconda3/envs/nova3/lib/python3.10/site-packages/cv2/../../lib64:/share/project/wangjiahao/anaconda3/envs/nova3/lib/python3.10/site-packages/cv2/../../lib64:/usr/local/cuda/compat/lib.real:/usr/local/lib/python3.10/dist-packages/torch/lib:/usr/local/lib/python3.10/dist-packages/torch_tensorrt/lib:/usr/local/cuda/compat/lib:/usr/local/nvidia/lib:/usr/local/nvidia/lib64
2025-10-20 11:42:14.290348: W tensorflow/stream_executor/platform/default/dso_loader.cc:64] Could not load dynamic library 'libnvinfer_plugin.so.7'; dlerror: libnvinfer_plugin.so.7: cannot open shared object file: No such file or directory; LD_LIBRARY_PATH: /share/project/wangjiahao/anaconda3/envs/nova3/lib/python3.10/site-packages/cv2/../../lib64:/share/project/wangjiahao/anaconda3/envs/nova3/lib/python3.10/site-packages/cv2/../../lib64:/usr/local/cuda/compat/lib.real:/usr/local/lib/python3.10/dist-packages/torch/lib:/usr/local/lib/python3.10/dist-packages/torch_tensorrt/lib:/usr/local/cuda/compat/lib:/usr/local/nvidia/lib:/usr/local/nvidia/lib64
2025-10-20 11:42:14.290354: W tensorflow/compiler/tf2tensorrt/utils/py_utils.cc:38] TF-TRT Warning: Cannot dlopen some TensorRT libraries. If you would like to use Nvidia GPU with TensorRT, please make sure the missing libraries mentioned above are installed properly.
2025-10-20 11:42:14.290354: W tensorflow/stream_executor/platform/default/dso_loader.cc:64] Could not load dynamic library 'libnvinfer_plugin.so.7'; dlerror: libnvinfer_plugin.so.7: cannot open shared object file: No such file or directory; LD_LIBRARY_PATH: /share/project/wangjiahao/anaconda3/envs/nova3/lib/python3.10/site-packages/cv2/../../lib64:/share/project/wangjiahao/anaconda3/envs/nova3/lib/python3.10/site-packages/cv2/../../lib64:/usr/local/cuda/compat/lib.real:/usr/local/lib/python3.10/dist-packages/torch/lib:/usr/local/lib/python3.10/dist-packages/torch_tensorrt/lib:/usr/local/cuda/compat/lib:/usr/local/nvidia/lib:/usr/local/nvidia/lib64
2025-10-20 11:42:14.290360: W tensorflow/compiler/tf2tensorrt/utils/py_utils.cc:38] TF-TRT Warning: Cannot dlopen some TensorRT libraries. If you would like to use Nvidia GPU with TensorRT, please make sure the missing libraries mentioned above are installed properly.
2025-10-20 11:42:14.291864: W tensorflow/stream_executor/platform/default/dso_loader.cc:64] Could not load dynamic library 'libnvinfer.so.7'; dlerror: libnvinfer.so.7: cannot open shared object file: No such file or directory; LD_LIBRARY_PATH: /share/project/wangjiahao/anaconda3/envs/nova3/lib/python3.10/site-packages/cv2/../../lib64:/share/project/wangjiahao/anaconda3/envs/nova3/lib/python3.10/site-packages/cv2/../../lib64:/usr/local/cuda/compat/lib.real:/usr/local/lib/python3.10/dist-packages/torch/lib:/usr/local/lib/python3.10/dist-packages/torch_tensorrt/lib:/usr/local/cuda/compat/lib:/usr/local/nvidia/lib:/usr/local/nvidia/lib64
2025-10-20 11:42:14.291948: W tensorflow/stream_executor/platform/default/dso_loader.cc:64] Could not load dynamic library 'libnvinfer.so.7'; dlerror: libnvinfer.so.7: cannot open shared object file: No such file or directory; LD_LIBRARY_PATH: /share/project/wangjiahao/anaconda3/envs/nova3/lib/python3.10/site-packages/cv2/../../lib64:/share/project/wangjiahao/anaconda3/envs/nova3/lib/python3.10/site-packages/cv2/../../lib64:/usr/local/cuda/compat/lib.real:/usr/local/lib/python3.10/dist-packages/torch/lib:/usr/local/lib/python3.10/dist-packages/torch_tensorrt/lib:/usr/local/cuda/compat/lib:/usr/local/nvidia/lib:/usr/local/nvidia/lib64
2025-10-20 11:42:14.291979: W tensorflow/stream_executor/platform/default/dso_loader.cc:64] Could not load dynamic library 'libnvinfer.so.7'; dlerror: libnvinfer.so.7: cannot open shared object file: No such file or directory; LD_LIBRARY_PATH: /share/project/wangjiahao/anaconda3/envs/nova3/lib/python3.10/site-packages/cv2/../../lib64:/share/project/wangjiahao/anaconda3/envs/nova3/lib/python3.10/site-packages/cv2/../../lib64:/usr/local/cuda/compat/lib.real:/usr/local/lib/python3.10/dist-packages/torch/lib:/usr/local/lib/python3.10/dist-packages/torch_tensorrt/lib:/usr/local/cuda/compat/lib:/usr/local/nvidia/lib:/usr/local/nvidia/lib64
2025-10-20 11:42:14.292012: W tensorflow/stream_executor/platform/default/dso_loader.cc:64] Could not load dynamic library 'libnvinfer_plugin.so.7'; dlerror: libnvinfer_plugin.so.7: cannot open shared object file: No such file or directory; LD_LIBRARY_PATH: /share/project/wangjiahao/anaconda3/envs/nova3/lib/python3.10/site-packages/cv2/../../lib64:/share/project/wangjiahao/anaconda3/envs/nova3/lib/python3.10/site-packages/cv2/../../lib64:/usr/local/cuda/compat/lib.real:/usr/local/lib/python3.10/dist-packages/torch/lib:/usr/local/lib/python3.10/dist-packages/torch_tensorrt/lib:/usr/local/cuda/compat/lib:/usr/local/nvidia/lib:/usr/local/nvidia/lib64
2025-10-20 11:42:14.292018: W tensorflow/compiler/tf2tensorrt/utils/py_utils.cc:38] TF-TRT Warning: Cannot dlopen some TensorRT libraries. If you would like to use Nvidia GPU with TensorRT, please make sure the missing libraries mentioned above are installed properly.
2025-10-20 11:42:14.292045: W tensorflow/stream_executor/platform/default/dso_loader.cc:64] Could not load dynamic library 'libnvinfer_plugin.so.7'; dlerror: libnvinfer_plugin.so.7: cannot open shared object file: No such file or directory; LD_LIBRARY_PATH: /share/project/wangjiahao/anaconda3/envs/nova3/lib/python3.10/site-packages/cv2/../../lib64:/share/project/wangjiahao/anaconda3/envs/nova3/lib/python3.10/site-packages/cv2/../../lib64:/usr/local/cuda/compat/lib.real:/usr/local/lib/python3.10/dist-packages/torch/lib:/usr/local/lib/python3.10/dist-packages/torch_tensorrt/lib:/usr/local/cuda/compat/lib:/usr/local/nvidia/lib:/usr/local/nvidia/lib64
2025-10-20 11:42:14.292049: W tensorflow/compiler/tf2tensorrt/utils/py_utils.cc:38] TF-TRT Warning: Cannot dlopen some TensorRT libraries. If you would like to use Nvidia GPU with TensorRT, please make sure the missing libraries mentioned above are installed properly.
2025-10-20 11:42:14.292075: W tensorflow/stream_executor/platform/default/dso_loader.cc:64] Could not load dynamic library 'libnvinfer_plugin.so.7'; dlerror: libnvinfer_plugin.so.7: cannot open shared object file: No such file or directory; LD_LIBRARY_PATH: /share/project/wangjiahao/anaconda3/envs/nova3/lib/python3.10/site-packages/cv2/../../lib64:/share/project/wangjiahao/anaconda3/envs/nova3/lib/python3.10/site-packages/cv2/../../lib64:/usr/local/cuda/compat/lib.real:/usr/local/lib/python3.10/dist-packages/torch/lib:/usr/local/lib/python3.10/dist-packages/torch_tensorrt/lib:/usr/local/cuda/compat/lib:/usr/local/nvidia/lib:/usr/local/nvidia/lib64
2025-10-20 11:42:14.292079: W tensorflow/compiler/tf2tensorrt/utils/py_utils.cc:38] TF-TRT Warning: Cannot dlopen some TensorRT libraries. If you would like to use Nvidia GPU with TensorRT, please make sure the missing libraries mentioned above are installed properly.
2025-10-20 11:42:14.294596: W tensorflow/stream_executor/platform/default/dso_loader.cc:64] Could not load dynamic library 'libnvinfer.so.7'; dlerror: libnvinfer.so.7: cannot open shared object file: No such file or directory; LD_LIBRARY_PATH: /share/project/wangjiahao/anaconda3/envs/nova3/lib/python3.10/site-packages/cv2/../../lib64:/share/project/wangjiahao/anaconda3/envs/nova3/lib/python3.10/site-packages/cv2/../../lib64:/usr/local/cuda/compat/lib.real:/usr/local/lib/python3.10/dist-packages/torch/lib:/usr/local/lib/python3.10/dist-packages/torch_tensorrt/lib:/usr/local/cuda/compat/lib:/usr/local/nvidia/lib:/usr/local/nvidia/lib64
2025-10-20 11:42:14.294688: W tensorflow/stream_executor/platform/default/dso_loader.cc:64] Could not load dynamic library 'libnvinfer.so.7'; dlerror: libnvinfer.so.7: cannot open shared object file: No such file or directory; LD_LIBRARY_PATH: /share/project/wangjiahao/anaconda3/envs/nova3/lib/python3.10/site-packages/cv2/../../lib64:/share/project/wangjiahao/anaconda3/envs/nova3/lib/python3.10/site-packages/cv2/../../lib64:/usr/local/cuda/compat/lib.real:/usr/local/lib/python3.10/dist-packages/torch/lib:/usr/local/lib/python3.10/dist-packages/torch_tensorrt/lib:/usr/local/cuda/compat/lib:/usr/local/nvidia/lib:/usr/local/nvidia/lib64
2025-10-20 11:42:14.294695: W tensorflow/stream_executor/platform/default/dso_loader.cc:64] Could not load dynamic library 'libnvinfer_plugin.so.7'; dlerror: libnvinfer_plugin.so.7: cannot open shared object file: No such file or directory; LD_LIBRARY_PATH: /share/project/wangjiahao/anaconda3/envs/nova3/lib/python3.10/site-packages/cv2/../../lib64:/share/project/wangjiahao/anaconda3/envs/nova3/lib/python3.10/site-packages/cv2/../../lib64:/usr/local/cuda/compat/lib.real:/usr/local/lib/python3.10/dist-packages/torch/lib:/usr/local/lib/python3.10/dist-packages/torch_tensorrt/lib:/usr/local/cuda/compat/lib:/usr/local/nvidia/lib:/usr/local/nvidia/lib64
2025-10-20 11:42:14.294700: W tensorflow/compiler/tf2tensorrt/utils/py_utils.cc:38] TF-TRT Warning: Cannot dlopen some TensorRT libraries. If you would like to use Nvidia GPU with TensorRT, please make sure the missing libraries mentioned above are installed properly.
2025-10-20 11:42:14.294784: W tensorflow/stream_executor/platform/default/dso_loader.cc:64] Could not load dynamic library 'libnvinfer_plugin.so.7'; dlerror: libnvinfer_plugin.so.7: cannot open shared object file: No such file or directory; LD_LIBRARY_PATH: /share/project/wangjiahao/anaconda3/envs/nova3/lib/python3.10/site-packages/cv2/../../lib64:/share/project/wangjiahao/anaconda3/envs/nova3/lib/python3.10/site-packages/cv2/../../lib64:/usr/local/cuda/compat/lib.real:/usr/local/lib/python3.10/dist-packages/torch/lib:/usr/local/lib/python3.10/dist-packages/torch_tensorrt/lib:/usr/local/cuda/compat/lib:/usr/local/nvidia/lib:/usr/local/nvidia/lib64
2025-10-20 11:42:14.294790: W tensorflow/compiler/tf2tensorrt/utils/py_utils.cc:38] TF-TRT Warning: Cannot dlopen some TensorRT libraries. If you would like to use Nvidia GPU with TensorRT, please make sure the missing libraries mentioned above are installed properly.
2025-10-20 11:42:14.294887: W tensorflow/stream_executor/platform/default/dso_loader.cc:64] Could not load dynamic library 'libnvinfer.so.7'; dlerror: libnvinfer.so.7: cannot open shared object file: No such file or directory; LD_LIBRARY_PATH: /share/project/wangjiahao/anaconda3/envs/nova3/lib/python3.10/site-packages/cv2/../../lib64:/share/project/wangjiahao/anaconda3/envs/nova3/lib/python3.10/site-packages/cv2/../../lib64:/usr/local/cuda/compat/lib.real:/usr/local/lib/python3.10/dist-packages/torch/lib:/usr/local/lib/python3.10/dist-packages/torch_tensorrt/lib:/usr/local/cuda/compat/lib:/usr/local/nvidia/lib:/usr/local/nvidia/lib64
2025-10-20 11:42:14.294977: W tensorflow/stream_executor/platform/default/dso_loader.cc:64] Could not load dynamic library 'libnvinfer_plugin.so.7'; dlerror: libnvinfer_plugin.so.7: cannot open shared object file: No such file or directory; LD_LIBRARY_PATH: /share/project/wangjiahao/anaconda3/envs/nova3/lib/python3.10/site-packages/cv2/../../lib64:/share/project/wangjiahao/anaconda3/envs/nova3/lib/python3.10/site-packages/cv2/../../lib64:/usr/local/cuda/compat/lib.real:/usr/local/lib/python3.10/dist-packages/torch/lib:/usr/local/lib/python3.10/dist-packages/torch_tensorrt/lib:/usr/local/cuda/compat/lib:/usr/local/nvidia/lib:/usr/local/nvidia/lib64
2025-10-20 11:42:14.294985: W tensorflow/compiler/tf2tensorrt/utils/py_utils.cc:38] TF-TRT Warning: Cannot dlopen some TensorRT libraries. If you would like to use Nvidia GPU with TensorRT, please make sure the missing libraries mentioned above are installed properly.
Loading pipeline components...:   0%|          | 0/5 [00:00<?, ?it/s]An error occurred while trying to fetch /tmp/tmpai0x5h16/transformer: Error no file named diffusion_pytorch_model.safetensors found in directory /tmp/tmpai0x5h16/transformer.
Defaulting to unsafe serialization. Pass `allow_pickle=False` to raise an error instead.
Loading pipeline components...:   0%|          | 0/5 [00:00<?, ?it/s]An error occurred while trying to fetch /tmp/tmpktov2bzy/transformer: Error no file named diffusion_pytorch_model.safetensors found in directory /tmp/tmpktov2bzy/transformer.
Defaulting to unsafe serialization. Pass `allow_pickle=False` to raise an error instead.
Loading pipeline components...:   0%|          | 0/5 [00:00<?, ?it/s]An error occurred while trying to fetch /tmp/tmpiweh1idl/transformer: Error no file named diffusion_pytorch_model.safetensors found in directory /tmp/tmpiweh1idl/transformer.
Defaulting to unsafe serialization. Pass `allow_pickle=False` to raise an error instead.
Loading pipeline components...:   0%|          | 0/5 [00:00<?, ?it/s]An error occurred while trying to fetch /tmp/tmp60uptv6k/transformer: Error no file named diffusion_pytorch_model.safetensors found in directory /tmp/tmp60uptv6k/transformer.
Defaulting to unsafe serialization. Pass `allow_pickle=False` to raise an error instead.
LinearAttentionDecoder initialized with image_size=(128, 128), patch_size=2
Effective image_size=128, calculated sequence_length=5120
LinearAttentionDecoder initialized with image_size=(128, 128), patch_size=2
LinearAttentionDecoder initialized with image_size=(128, 128), patch_size=2
Effective image_size=128, calculated sequence_length=5120
Effective image_size=128, calculated sequence_length=5120
LinearAttentionDecoder initialized with image_size=(128, 128), patch_size=2
Effective image_size=128, calculated sequence_length=5120
LinearAttentionDecoder initialized with image_size=(128, 128), patch_size=2
LinearAttentionDecoder initialized with image_size=(128, 128), patch_size=2
Effective image_size=128, calculated sequence_length=5120
Effective image_size=128, calculated sequence_length=5120
LinearAttentionDecoder initialized with image_size=(128, 128), patch_size=2
LinearAttentionDecoder initialized with image_size=(128, 128), patch_size=2
Effective image_size=128, calculated sequence_length=5120
Effective image_size=128, calculated sequence_length=5120
LinearAttentionDecoder initialized with image_size=(128, 128), patch_size=2
LinearAttentionDecoder initialized with image_size=(128, 128), patch_size=2
Effective image_size=128, calculated sequence_length=5120
Effective image_size=128, calculated sequence_length=5120
LinearAttentionDecoder initialized with image_size=(128, 128), patch_size=2
LinearAttentionDecoder initialized with image_size=(128, 128), patch_size=2
Effective image_size=128, calculated sequence_length=5120Effective image_size=128, calculated sequence_length=5120

LinearAttentionDecoder initialized with image_size=(128, 128), patch_size=2
LinearAttentionDecoder initialized with image_size=(128, 128), patch_size=2
Effective image_size=128, calculated sequence_length=5120
Effective image_size=128, calculated sequence_length=5120
LinearAttentionDecoder initialized with image_size=(128, 128), patch_size=2
LinearAttentionDecoder initialized with image_size=(128, 128), patch_size=2
LinearAttentionDecoder initialized with image_size=(128, 128), patch_size=2
Effective image_size=128, calculated sequence_length=5120
Effective image_size=128, calculated sequence_length=5120
Effective image_size=128, calculated sequence_length=5120
LinearAttentionDecoder initialized with image_size=(128, 128), patch_size=2
LinearAttentionDecoder initialized with image_size=(128, 128), patch_size=2
LinearAttentionDecoder initialized with image_size=(128, 128), patch_size=2
Effective image_size=128, calculated sequence_length=5120
Effective image_size=128, calculated sequence_length=5120
Effective image_size=128, calculated sequence_length=5120
LinearAttentionDecoder initialized with image_size=(128, 128), patch_size=2
LinearAttentionDecoder initialized with image_size=(128, 128), patch_size=2
LinearAttentionDecoder initialized with image_size=(128, 128), patch_size=2
Effective image_size=128, calculated sequence_length=5120
Effective image_size=128, calculated sequence_length=5120
Effective image_size=128, calculated sequence_length=5120
LinearAttentionDecoder initialized with image_size=(128, 128), patch_size=2
LinearAttentionDecoder initialized with image_size=(128, 128), patch_size=2
LinearAttentionDecoder initialized with image_size=(128, 128), patch_size=2
Effective image_size=128, calculated sequence_length=5120
Effective image_size=128, calculated sequence_length=5120
Effective image_size=128, calculated sequence_length=5120
LinearAttentionDecoder initialized with image_size=(128, 128), patch_size=2
LinearAttentionDecoder initialized with image_size=(128, 128), patch_size=2
LinearAttentionDecoder initialized with image_size=(128, 128), patch_size=2
Effective image_size=128, calculated sequence_length=5120
Effective image_size=128, calculated sequence_length=5120
Effective image_size=128, calculated sequence_length=5120
LinearAttentionDecoder initialized with image_size=(128, 128), patch_size=2
LinearAttentionDecoder initialized with image_size=(128, 128), patch_size=2
LinearAttentionDecoder initialized with image_size=(128, 128), patch_size=2
Effective image_size=128, calculated sequence_length=5120
Effective image_size=128, calculated sequence_length=5120Effective image_size=128, calculated sequence_length=5120

LinearAttentionDecoder initialized with image_size=(128, 128), patch_size=2
LinearAttentionDecoder initialized with image_size=(128, 128), patch_size=2
LinearAttentionDecoder initialized with image_size=(128, 128), patch_size=2
Effective image_size=128, calculated sequence_length=5120
Effective image_size=128, calculated sequence_length=5120
Effective image_size=128, calculated sequence_length=5120
LinearAttentionDecoder initialized with image_size=(128, 128), patch_size=2
LinearAttentionDecoder initialized with image_size=(128, 128), patch_size=2
Effective image_size=128, calculated sequence_length=5120
Effective image_size=128, calculated sequence_length=5120
LinearAttentionDecoder initialized with image_size=(128, 128), patch_size=2
Effective image_size=128, calculated sequence_length=5120
LinearAttentionDecoder initialized with image_size=(128, 128), patch_size=2
Effective image_size=128, calculated sequence_length=5120
LinearAttentionDecoder initialized with image_size=(128, 128), patch_size=2
LinearAttentionDecoder initialized with image_size=(128, 128), patch_size=2
Effective image_size=128, calculated sequence_length=5120
Effective image_size=128, calculated sequence_length=5120
LinearAttentionDecoder initialized with image_size=(128, 128), patch_size=2
LinearAttentionDecoder initialized with image_size=(128, 128), patch_size=2
Effective image_size=128, calculated sequence_length=5120
Loading pipeline components...:   0%|          | 0/5 [00:00<?, ?it/s]Effective image_size=128, calculated sequence_length=5120
LinearAttentionDecoder initialized with image_size=(128, 128), patch_size=2
Effective image_size=128, calculated sequence_length=5120
LinearAttentionDecoder initialized with image_size=(128, 128), patch_size=2
Effective image_size=128, calculated sequence_length=5120
Loading pipeline components...:   0%|          | 0/5 [00:00<?, ?it/s]Loading pipeline components...:   0%|          | 0/5 [00:00<?, ?it/s]Loading pipeline components...:   0%|          | 0/5 [00:00<?, ?it/s]LinearAttentionDecoder initialized with image_size=(128, 128), patch_size=2
Effective image_size=128, calculated sequence_length=5120
LinearAttentionDecoder initialized with image_size=(128, 128), patch_size=2
LinearAttentionDecoder initialized with image_size=(128, 128), patch_size=2
Effective image_size=128, calculated sequence_length=5120
Effective image_size=128, calculated sequence_length=5120
LinearAttentionDecoder initialized with image_size=(128, 128), patch_size=2
LinearAttentionDecoder initialized with image_size=(128, 128), patch_size=2
Effective image_size=128, calculated sequence_length=5120
Effective image_size=128, calculated sequence_length=5120
LinearAttentionDecoder initialized with image_size=(128, 128), patch_size=2
Effective image_size=128, calculated sequence_length=5120
LinearAttentionDecoder initialized with image_size=(128, 128), patch_size=2
Effective image_size=128, calculated sequence_length=5120
LinearAttentionDecoder initialized with image_size=(128, 128), patch_size=2
Effective image_size=128, calculated sequence_length=5120
LinearAttentionDecoder initialized with image_size=(128, 128), patch_size=2
Effective image_size=128, calculated sequence_length=5120
LinearAttentionDecoder initialized with image_size=(128, 128), patch_size=2
Effective image_size=128, calculated sequence_length=5120
LinearAttentionDecoder initialized with image_size=(128, 128), patch_size=2
Effective image_size=128, calculated sequence_length=5120
LinearAttentionDecoder initialized with image_size=(128, 128), patch_size=2
Effective image_size=128, calculated sequence_length=5120
LinearAttentionDecoder initialized with image_size=(128, 128), patch_size=2
Effective image_size=128, calculated sequence_length=5120
LinearAttentionDecoder initialized with image_size=(128, 128), patch_size=2
Effective image_size=128, calculated sequence_length=5120
LinearAttentionDecoder initialized with image_size=(128, 128), patch_size=2
Effective image_size=128, calculated sequence_length=5120
LinearAttentionDecoder initialized with image_size=(128, 128), patch_size=2
Effective image_size=128, calculated sequence_length=5120
LinearAttentionDecoder initialized with image_size=(128, 128), patch_size=2
Effective image_size=128, calculated sequence_length=5120
LinearAttentionDecoder initialized with image_size=(128, 128), patch_size=2
Effective image_size=128, calculated sequence_length=5120
LinearAttentionDecoder initialized with image_size=(128, 128), patch_size=2
An error occurred while trying to fetch /tmp/tmpbivp18wx/transformer: Error no file named diffusion_pytorch_model.safetensors found in directory /tmp/tmpbivp18wx/transformer.
Defaulting to unsafe serialization. Pass `allow_pickle=False` to raise an error instead.
Effective image_size=128, calculated sequence_length=5120
LinearAttentionDecoder initialized with image_size=(128, 128), patch_size=2
Effective image_size=128, calculated sequence_length=5120
LinearAttentionDecoder initialized with image_size=(128, 128), patch_size=2
Effective image_size=128, calculated sequence_length=5120
LinearAttentionDecoder initialized with image_size=(128, 128), patch_size=2
Effective image_size=128, calculated sequence_length=5120

Loading checkpoint shards:   0%|          | 0/2 [00:00<?, ?it/s][ALinearAttentionDecoder initialized with image_size=(128, 128), patch_size=2

Loading checkpoint shards:   0%|          | 0/2 [00:00<?, ?it/s][AEffective image_size=128, calculated sequence_length=5120
LinearAttentionDecoder initialized with image_size=(128, 128), patch_size=2
Effective image_size=128, calculated sequence_length=5120
LinearAttentionDecoder initialized with image_size=(128, 128), patch_size=2
Effective image_size=128, calculated sequence_length=5120
LinearAttentionDecoder initialized with image_size=(128, 128), patch_size=2
Effective image_size=128, calculated sequence_length=5120
LinearAttentionDecoder initialized with image_size=(128, 128), patch_size=2
Effective image_size=128, calculated sequence_length=5120
LinearAttentionDecoder initialized with image_size=(128, 128), patch_size=2
Effective image_size=128, calculated sequence_length=5120
LinearAttentionDecoder initialized with image_size=(128, 128), patch_size=2
Effective image_size=128, calculated sequence_length=5120
LinearAttentionDecoder initialized with image_size=(128, 128), patch_size=2
Effective image_size=128, calculated sequence_length=5120
LinearAttentionDecoder initialized with image_size=(128, 128), patch_size=2
Effective image_size=128, calculated sequence_length=5120
LinearAttentionDecoder initialized with image_size=(128, 128), patch_size=2
Effective image_size=128, calculated sequence_length=5120
LinearAttentionDecoder initialized with image_size=(128, 128), patch_size=2
Effective image_size=128, calculated sequence_length=5120
LinearAttentionDecoder initialized with image_size=(128, 128), patch_size=2
Effective image_size=128, calculated sequence_length=5120
LinearAttentionDecoder initialized with image_size=(128, 128), patch_size=2
Effective image_size=128, calculated sequence_length=5120
Loading pipeline components...:  20%|██        | 1/5 [00:00<00:00,  9.04it/s]Loading pipeline components...:  40%|████      | 2/5 [00:00<00:01,  2.48it/s]
Loading checkpoint shards:   0%|          | 0/2 [00:00<?, ?it/s][A
Loading checkpoint shards:  50%|█████     | 1/2 [00:07<00:07,  7.83s/it][A
Loading checkpoint shards:  50%|█████     | 1/2 [00:07<00:07,  7.85s/it][A
Loading checkpoint shards:  50%|█████     | 1/2 [00:07<00:07,  7.13s/it][A
Loading checkpoint shards: 100%|██████████| 2/2 [00:08<00:00,  3.84s/it][ALoading checkpoint shards: 100%|██████████| 2/2 [00:08<00:00,  4.44s/it]
Loading pipeline components...:  40%|████      | 2/5 [00:08<00:13,  4.49s/it]An error occurred while trying to fetch /tmp/tmpdoh94upu/transformer: Error no file named diffusion_pytorch_model.safetensors found in directory /tmp/tmpdoh94upu/transformer.
Defaulting to unsafe serialization. Pass `allow_pickle=False` to raise an error instead.
LinearAttentionDecoder initialized with image_size=(128, 128), patch_size=2
Effective image_size=128, calculated sequence_length=5120
LinearAttentionDecoder initialized with image_size=(128, 128), patch_size=2
Effective image_size=128, calculated sequence_length=5120
LinearAttentionDecoder initialized with image_size=(128, 128), patch_size=2
Effective image_size=128, calculated sequence_length=5120
LinearAttentionDecoder initialized with image_size=(128, 128), patch_size=2
Effective image_size=128, calculated sequence_length=5120
LinearAttentionDecoder initialized with image_size=(128, 128), patch_size=2
Effective image_size=128, calculated sequence_length=5120
LinearAttentionDecoder initialized with image_size=(128, 128), patch_size=2
Effective image_size=128, calculated sequence_length=5120
LinearAttentionDecoder initialized with image_size=(128, 128), patch_size=2
Effective image_size=128, calculated sequence_length=5120
LinearAttentionDecoder initialized with image_size=(128, 128), patch_size=2
Effective image_size=128, calculated sequence_length=5120
LinearAttentionDecoder initialized with image_size=(128, 128), patch_size=2
Effective image_size=128, calculated sequence_length=5120
LinearAttentionDecoder initialized with image_size=(128, 128), patch_size=2
Effective image_size=128, calculated sequence_length=5120
LinearAttentionDecoder initialized with image_size=(128, 128), patch_size=2
Effective image_size=128, calculated sequence_length=5120
LinearAttentionDecoder initialized with image_size=(128, 128), patch_size=2
Effective image_size=128, calculated sequence_length=5120
LinearAttentionDecoder initialized with image_size=(128, 128), patch_size=2
Effective image_size=128, calculated sequence_length=5120
LinearAttentionDecoder initialized with image_size=(128, 128), patch_size=2
Effective image_size=128, calculated sequence_length=5120
LinearAttentionDecoder initialized with image_size=(128, 128), patch_size=2
Effective image_size=128, calculated sequence_length=5120
LinearAttentionDecoder initialized with image_size=(128, 128), patch_size=2
Effective image_size=128, calculated sequence_length=5120

Loading checkpoint shards: 100%|██████████| 2/2 [00:09<00:00,  4.01s/it][ALoading checkpoint shards: 100%|██████████| 2/2 [00:09<00:00,  4.59s/it]
Loading pipeline components...:  20%|██        | 1/5 [00:09<00:37,  9.28s/it]Loading pipeline components...:  40%|████      | 2/5 [00:09<00:11,  3.89s/it]
Loading checkpoint shards: 100%|██████████| 2/2 [00:09<00:00,  4.09s/it][ALoading checkpoint shards: 100%|██████████| 2/2 [00:09<00:00,  4.54s/it]
Loading pipeline components...:  80%|████████  | 4/5 [00:09<00:03,  3.03s/it]Loading pipeline components...:  60%|██████    | 3/5 [00:09<00:04,  2.34s/it]An error occurred while trying to fetch /tmp/tmp25dx7f7h/transformer: Error no file named diffusion_pytorch_model.safetensors found in directory /tmp/tmp25dx7f7h/transformer.
Defaulting to unsafe serialization. Pass `allow_pickle=False` to raise an error instead.
An error occurred while trying to fetch /tmp/tmpm3i8imx1/transformer: Error no file named diffusion_pytorch_model.safetensors found in directory /tmp/tmpm3i8imx1/transformer.
Defaulting to unsafe serialization. Pass `allow_pickle=False` to raise an error instead.
LinearAttentionDecoder initialized with image_size=(128, 128), patch_size=2
Effective image_size=128, calculated sequence_length=5120
LinearAttentionDecoder initialized with image_size=(128, 128), patch_size=2
Effective image_size=128, calculated sequence_length=5120
LinearAttentionDecoder initialized with image_size=(128, 128), patch_size=2
Effective image_size=128, calculated sequence_length=5120
LinearAttentionDecoder initialized with image_size=(128, 128), patch_size=2
LinearAttentionDecoder initialized with image_size=(128, 128), patch_size=2
Effective image_size=128, calculated sequence_length=5120
Effective image_size=128, calculated sequence_length=5120
LinearAttentionDecoder initialized with image_size=(128, 128), patch_size=2
LinearAttentionDecoder initialized with image_size=(128, 128), patch_size=2
Effective image_size=128, calculated sequence_length=5120
Effective image_size=128, calculated sequence_length=5120
LinearAttentionDecoder initialized with image_size=(128, 128), patch_size=2
LinearAttentionDecoder initialized with image_size=(128, 128), patch_size=2
Effective image_size=128, calculated sequence_length=5120
Effective image_size=128, calculated sequence_length=5120
LinearAttentionDecoder initialized with image_size=(128, 128), patch_size=2
LinearAttentionDecoder initialized with image_size=(128, 128), patch_size=2
Effective image_size=128, calculated sequence_length=5120
Effective image_size=128, calculated sequence_length=5120
LinearAttentionDecoder initialized with image_size=(128, 128), patch_size=2
LinearAttentionDecoder initialized with image_size=(128, 128), patch_size=2
Effective image_size=128, calculated sequence_length=5120
Effective image_size=128, calculated sequence_length=5120
LinearAttentionDecoder initialized with image_size=(128, 128), patch_size=2
LinearAttentionDecoder initialized with image_size=(128, 128), patch_size=2
Effective image_size=128, calculated sequence_length=5120
Effective image_size=128, calculated sequence_length=5120
LinearAttentionDecoder initialized with image_size=(128, 128), patch_size=2
LinearAttentionDecoder initialized with image_size=(128, 128), patch_size=2
Effective image_size=128, calculated sequence_length=5120
Effective image_size=128, calculated sequence_length=5120
LinearAttentionDecoder initialized with image_size=(128, 128), patch_size=2
LinearAttentionDecoder initialized with image_size=(128, 128), patch_size=2
Effective image_size=128, calculated sequence_length=5120
Effective image_size=128, calculated sequence_length=5120
LinearAttentionDecoder initialized with image_size=(128, 128), patch_size=2
LinearAttentionDecoder initialized with image_size=(128, 128), patch_size=2
Effective image_size=128, calculated sequence_length=5120
Effective image_size=128, calculated sequence_length=5120
LinearAttentionDecoder initialized with image_size=(128, 128), patch_size=2
LinearAttentionDecoder initialized with image_size=(128, 128), patch_size=2
Effective image_size=128, calculated sequence_length=5120
Effective image_size=128, calculated sequence_length=5120
LinearAttentionDecoder initialized with image_size=(128, 128), patch_size=2
Effective image_size=128, calculated sequence_length=5120
LinearAttentionDecoder initialized with image_size=(128, 128), patch_size=2
Effective image_size=128, calculated sequence_length=5120
LinearAttentionDecoder initialized with image_size=(128, 128), patch_size=2
Effective image_size=128, calculated sequence_length=5120
LinearAttentionDecoder initialized with image_size=(128, 128), patch_size=2
Effective image_size=128, calculated sequence_length=5120
LinearAttentionDecoder initialized with image_size=(128, 128), patch_size=2
Effective image_size=128, calculated sequence_length=5120
LinearAttentionDecoder initialized with image_size=(128, 128), patch_size=2
Effective image_size=128, calculated sequence_length=5120
LinearAttentionDecoder initialized with image_size=(128, 128), patch_size=2
Effective image_size=128, calculated sequence_length=5120
LinearAttentionDecoder initialized with image_size=(128, 128), patch_size=2
Effective image_size=128, calculated sequence_length=5120
LinearAttentionDecoder initialized with image_size=(128, 128), patch_size=2
Effective image_size=128, calculated sequence_length=5120
Loading pipeline components...:  20%|██        | 1/5 [00:10<00:43, 10.93s/it]
Loading checkpoint shards:   0%|          | 0/2 [00:00<?, ?it/s][ALoading pipeline components...:  20%|██        | 1/5 [00:11<00:44, 11.15s/it]
Loading checkpoint shards:   0%|          | 0/2 [00:00<?, ?it/s][ALoading pipeline components...:  20%|██        | 1/5 [00:11<00:46, 11.51s/it]Loading pipeline components...:  20%|██        | 1/5 [00:11<00:46, 11.65s/it]Loading pipeline components...:  40%|████      | 2/5 [00:11<00:14,  4.84s/it]
Loading checkpoint shards:   0%|          | 0/2 [00:00<?, ?it/s][ALoading pipeline components...:  80%|████████  | 4/5 [00:11<00:01,  1.84s/it]
Loading checkpoint shards:   0%|          | 0/2 [00:00<?, ?it/s][ALoading pipeline components...:  20%|██        | 1/5 [00:12<00:51, 12.79s/it]Loading pipeline components...:  40%|████      | 2/5 [00:12<00:16,  5.34s/it]
Loading checkpoint shards:   0%|          | 0/2 [00:00<?, ?it/s][ALoading pipeline components...:  60%|██████    | 3/5 [00:15<00:10,  5.35s/it]Loading pipeline components...: 100%|██████████| 5/5 [00:15<00:00,  3.84s/it]Loading pipeline components...: 100%|██████████| 5/5 [00:15<00:00,  3.11s/it]
Loading pipeline components...:  80%|████████  | 4/5 [00:15<00:03,  3.81s/it]Loading pipeline components...: 100%|██████████| 5/5 [00:15<00:00,  3.20s/it]
Loading pipeline components...:  80%|████████  | 4/5 [00:15<00:03,  3.53s/it]Loading pipeline components...: 100%|██████████| 5/5 [00:16<00:00,  3.22s/it]
[2025-10-20 11:42:43,759] [INFO] [real_accelerator.py:222:get_accelerator] Setting ds_accelerator to cuda (auto detect)

Loading checkpoint shards:  50%|█████     | 1/2 [00:06<00:06,  6.59s/it][A
Loading checkpoint shards:  50%|█████     | 1/2 [00:07<00:07,  7.15s/it][A
Loading checkpoint shards:  50%|█████     | 1/2 [00:07<00:07,  7.46s/it][A[2025-10-20 11:42:44,189] [INFO] [real_accelerator.py:222:get_accelerator] Setting ds_accelerator to cuda (auto detect)
[2025-10-20 11:42:44,389] [INFO] [real_accelerator.py:222:get_accelerator] Setting ds_accelerator to cuda (auto detect)

Loading checkpoint shards:  50%|█████     | 1/2 [00:05<00:05,  5.86s/it][A
Loading checkpoint shards:  50%|█████     | 1/2 [00:07<00:07,  7.32s/it][A
Loading checkpoint shards: 100%|██████████| 2/2 [00:08<00:00,  3.68s/it][ALoading checkpoint shards: 100%|██████████| 2/2 [00:08<00:00,  4.25s/it]
Loading pipeline components...:  40%|████      | 2/5 [00:19<00:28,  9.54s/it]
Loading checkpoint shards: 100%|██████████| 2/2 [00:08<00:00,  3.66s/it][ALoading checkpoint shards: 100%|██████████| 2/2 [00:08<00:00,  4.18s/it]

Loading checkpoint shards: 100%|██████████| 2/2 [00:07<00:00,  3.47s/it][ALoading checkpoint shards: 100%|██████████| 2/2 [00:07<00:00,  3.94s/it]
Loading pipeline components...:  60%|██████    | 3/5 [00:19<00:12,  6.06s/it]Loading pipeline components...: 100%|██████████| 5/5 [00:19<00:00,  3.95s/it]

Loading checkpoint shards: 100%|██████████| 2/2 [00:06<00:00,  2.98s/it][ALoading checkpoint shards: 100%|██████████| 2/2 [00:06<00:00,  3.41s/it]
Loading pipeline components...:  60%|██████    | 3/5 [00:19<00:12,  6.05s/it]Loading pipeline components...:  80%|████████  | 4/5 [00:19<00:04,  4.06s/it]Loading pipeline components...: 100%|██████████| 5/5 [00:19<00:00,  4.00s/it]
Loading pipeline components...:  60%|██████    | 3/5 [00:19<00:10,  5.40s/it]Loading pipeline components...:  80%|████████  | 4/5 [00:19<00:03,  3.74s/it]Loading pipeline components...: 100%|██████████| 5/5 [00:20<00:00,  4.00s/it]
Loading pipeline components...: 100%|██████████| 5/5 [00:20<00:00,  2.38s/it]Loading pipeline components...: 100%|██████████| 5/5 [00:20<00:00,  4.02s/it]

Loading checkpoint shards: 100%|██████████| 2/2 [00:08<00:00,  3.87s/it][ALoading checkpoint shards: 100%|██████████| 2/2 [00:08<00:00,  4.38s/it]
Loading pipeline components...:  40%|████      | 2/5 [00:20<00:30, 10.00s/it]Loading pipeline components...:  60%|██████    | 3/5 [00:20<00:11,  5.53s/it]Loading pipeline components...:  80%|████████  | 4/5 [00:20<00:03,  3.39s/it]Loading pipeline components...: 100%|██████████| 5/5 [00:20<00:00,  4.17s/it]
[2025-10-20 11:42:47,625] [INFO] [real_accelerator.py:222:get_accelerator] Setting ds_accelerator to cuda (auto detect)
[2025-10-20 11:42:47,846] [INFO] [real_accelerator.py:222:get_accelerator] Setting ds_accelerator to cuda (auto detect)
[2025-10-20 11:42:48,311] [INFO] [real_accelerator.py:222:get_accelerator] Setting ds_accelerator to cuda (auto detect)
[2025-10-20 11:42:48,486] [INFO] [real_accelerator.py:222:get_accelerator] Setting ds_accelerator to cuda (auto detect)
[2025-10-20 11:42:51,003] [INFO] [real_accelerator.py:222:get_accelerator] Setting ds_accelerator to cuda (auto detect)
/share/project/wangjiahao/LAR/diffnext/models/vision_transformer_linear_decouple1_kvscale1_high_res.py:68: FutureWarning: `torch.cuda.amp.autocast(args...)` is deprecated. Please use `torch.amp.autocast('cuda', args...)` instead.
  with torch.cuda.amp.autocast(enabled=not use_fp32_attention):
/share/project/wangjiahao/LAR/diffnext/models/vision_transformer_linear_decouple1_kvscale1_high_res.py:68: FutureWarning: `torch.cuda.amp.autocast(args...)` is deprecated. Please use `torch.amp.autocast('cuda', args...)` instead.
  with torch.cuda.amp.autocast(enabled=not use_fp32_attention):
/share/project/wangjiahao/LAR/diffnext/models/vision_transformer_linear_decouple1_kvscale1_high_res.py:68: FutureWarning: `torch.cuda.amp.autocast(args...)` is deprecated. Please use `torch.amp.autocast('cuda', args...)` instead.
  with torch.cuda.amp.autocast(enabled=not use_fp32_attention):
/share/project/wangjiahao/LAR/diffnext/models/vision_transformer_linear_decouple1_kvscale1_high_res.py:68: FutureWarning: `torch.cuda.amp.autocast(args...)` is deprecated. Please use `torch.amp.autocast('cuda', args...)` instead.
  with torch.cuda.amp.autocast(enabled=not use_fp32_attention):
/share/project/wangjiahao/LAR/diffnext/models/vision_transformer_linear_decouple1_kvscale1_high_res.py:68: FutureWarning: `torch.cuda.amp.autocast(args...)` is deprecated. Please use `torch.amp.autocast('cuda', args...)` instead.
  with torch.cuda.amp.autocast(enabled=not use_fp32_attention):
/share/project/wangjiahao/LAR/diffnext/models/vision_transformer_linear_decouple1_kvscale1_high_res.py:68: FutureWarning: `torch.cuda.amp.autocast(args...)` is deprecated. Please use `torch.amp.autocast('cuda', args...)` instead.
  with torch.cuda.amp.autocast(enabled=not use_fp32_attention):
/share/project/wangjiahao/LAR/diffnext/models/vision_transformer_linear_decouple1_kvscale1_high_res.py:68: FutureWarning: `torch.cuda.amp.autocast(args...)` is deprecated. Please use `torch.amp.autocast('cuda', args...)` instead.
  with torch.cuda.amp.autocast(enabled=not use_fp32_attention):
/share/project/wangjiahao/LAR/diffnext/models/vision_transformer_linear_decouple1_kvscale1_high_res.py:68: FutureWarning: `torch.cuda.amp.autocast(args...)` is deprecated. Please use `torch.amp.autocast('cuda', args...)` instead.
  with torch.cuda.amp.autocast(enabled=not use_fp32_attention):
/share/project/wangjiahao/LAR/diffnext/models/vision_transformer_linear_decouple1_kvscale1_high_res.py:133: FutureWarning: `torch.cuda.amp.autocast(args...)` is deprecated. Please use `torch.amp.autocast('cuda', args...)` instead.
  with torch.cuda.amp.autocast(enabled=not use_fp32_attention):
/share/project/wangjiahao/LAR/diffnext/models/vision_transformer_linear_decouple1_kvscale1_high_res.py:133: FutureWarning: `torch.cuda.amp.autocast(args...)` is deprecated. Please use `torch.amp.autocast('cuda', args...)` instead.
  with torch.cuda.amp.autocast(enabled=not use_fp32_attention):
/share/project/wangjiahao/LAR/diffnext/models/vision_transformer_linear_decouple1_kvscale1_high_res.py:133: FutureWarning: `torch.cuda.amp.autocast(args...)` is deprecated. Please use `torch.amp.autocast('cuda', args...)` instead.
  with torch.cuda.amp.autocast(enabled=not use_fp32_attention):
/share/project/wangjiahao/LAR/diffnext/models/vision_transformer_linear_decouple1_kvscale1_high_res.py:133: FutureWarning: `torch.cuda.amp.autocast(args...)` is deprecated. Please use `torch.amp.autocast('cuda', args...)` instead.
  with torch.cuda.amp.autocast(enabled=not use_fp32_attention):
/share/project/wangjiahao/LAR/diffnext/models/vision_transformer_linear_decouple1_kvscale1_high_res.py:133: FutureWarning: `torch.cuda.amp.autocast(args...)` is deprecated. Please use `torch.amp.autocast('cuda', args...)` instead.
  with torch.cuda.amp.autocast(enabled=not use_fp32_attention):
/share/project/wangjiahao/LAR/diffnext/models/vision_transformer_linear_decouple1_kvscale1_high_res.py:133: FutureWarning: `torch.cuda.amp.autocast(args...)` is deprecated. Please use `torch.amp.autocast('cuda', args...)` instead.
  with torch.cuda.amp.autocast(enabled=not use_fp32_attention):
/share/project/wangjiahao/LAR/diffnext/models/vision_transformer_linear_decouple1_kvscale1_high_res.py:133: FutureWarning: `torch.cuda.amp.autocast(args...)` is deprecated. Please use `torch.amp.autocast('cuda', args...)` instead.
  with torch.cuda.amp.autocast(enabled=not use_fp32_attention):
/share/project/wangjiahao/LAR/diffnext/models/vision_transformer_linear_decouple1_kvscale1_high_res.py:133: FutureWarning: `torch.cuda.amp.autocast(args...)` is deprecated. Please use `torch.amp.autocast('cuda', args...)` instead.
  with torch.cuda.amp.autocast(enabled=not use_fp32_attention):
/share/project/wangjiahao/anaconda3/envs/nova3/lib/python3.10/site-packages/torch/utils/checkpoint.py:1399: FutureWarning: `torch.cpu.amp.autocast(args...)` is deprecated. Please use `torch.amp.autocast('cpu', args...)` instead.
  with device_autocast_ctx, torch.cpu.amp.autocast(**cpu_autocast_kwargs), recompute_context:  # type: ignore[attr-defined]
/share/project/wangjiahao/anaconda3/envs/nova3/lib/python3.10/site-packages/torch/utils/checkpoint.py:1399: FutureWarning: `torch.cpu.amp.autocast(args...)` is deprecated. Please use `torch.amp.autocast('cpu', args...)` instead.
  with device_autocast_ctx, torch.cpu.amp.autocast(**cpu_autocast_kwargs), recompute_context:  # type: ignore[attr-defined]
/share/project/wangjiahao/anaconda3/envs/nova3/lib/python3.10/site-packages/torch/utils/checkpoint.py:1399: FutureWarning: `torch.cpu.amp.autocast(args...)` is deprecated. Please use `torch.amp.autocast('cpu', args...)` instead.
  with device_autocast_ctx, torch.cpu.amp.autocast(**cpu_autocast_kwargs), recompute_context:  # type: ignore[attr-defined]
/share/project/wangjiahao/anaconda3/envs/nova3/lib/python3.10/site-packages/torch/utils/checkpoint.py:1399: FutureWarning: `torch.cpu.amp.autocast(args...)` is deprecated. Please use `torch.amp.autocast('cpu', args...)` instead.
  with device_autocast_ctx, torch.cpu.amp.autocast(**cpu_autocast_kwargs), recompute_context:  # type: ignore[attr-defined]
/share/project/wangjiahao/anaconda3/envs/nova3/lib/python3.10/site-packages/torch/utils/checkpoint.py:1399: FutureWarning: `torch.cpu.amp.autocast(args...)` is deprecated. Please use `torch.amp.autocast('cpu', args...)` instead.
  with device_autocast_ctx, torch.cpu.amp.autocast(**cpu_autocast_kwargs), recompute_context:  # type: ignore[attr-defined]
/share/project/wangjiahao/anaconda3/envs/nova3/lib/python3.10/site-packages/torch/utils/checkpoint.py:1399: FutureWarning: `torch.cpu.amp.autocast(args...)` is deprecated. Please use `torch.amp.autocast('cpu', args...)` instead.
  with device_autocast_ctx, torch.cpu.amp.autocast(**cpu_autocast_kwargs), recompute_context:  # type: ignore[attr-defined]
/share/project/wangjiahao/anaconda3/envs/nova3/lib/python3.10/site-packages/torch/utils/checkpoint.py:1399: FutureWarning: `torch.cpu.amp.autocast(args...)` is deprecated. Please use `torch.amp.autocast('cpu', args...)` instead.
  with device_autocast_ctx, torch.cpu.amp.autocast(**cpu_autocast_kwargs), recompute_context:  # type: ignore[attr-defined]
/share/project/wangjiahao/anaconda3/envs/nova3/lib/python3.10/site-packages/torch/utils/checkpoint.py:1399: FutureWarning: `torch.cpu.amp.autocast(args...)` is deprecated. Please use `torch.amp.autocast('cpu', args...)` instead.
  with device_autocast_ctx, torch.cpu.amp.autocast(**cpu_autocast_kwargs), recompute_context:  # type: ignore[attr-defined]
