/share/project/wangjiahao/anaconda3/envs/nova3/lib/python3.10/site-packages/_distutils_hack/__init__.py:53: UserWarning: Reliance on distutils from stdlib is deprecated. Users must rely on setuptools to provide the distutils module. Avoid importing distutils or import setuptools first, and avoid setting SETUPTOOLS_USE_DISTUTILS=stdlib. Register concerns at https://github.com/pypa/setuptools/issues/new?template=distutils-deprecation.yml
  warnings.warn(
2025-09-30 08:52:45.604583: I tensorflow/core/platform/cpu_feature_guard.cc:193] This TensorFlow binary is optimized with oneAPI Deep Neural Network Library (oneDNN) to use the following CPU instructions in performance-critical operations:  AVX2 FMA
To enable them in other operations, rebuild TensorFlow with the appropriate compiler flags.
2025-09-30 08:52:46.094863: E tensorflow/stream_executor/cuda/cuda_blas.cc:2981] Unable to register cuBLAS factory: Attempting to register factory for plugin cuBLAS when one has already been registered
2025-09-30 08:52:47.848007: W tensorflow/stream_executor/platform/default/dso_loader.cc:64] Could not load dynamic library 'libnvinfer.so.7'; dlerror: libnvinfer.so.7: cannot open shared object file: No such file or directory; LD_LIBRARY_PATH: /share/project/wangjiahao/anaconda3/envs/nova3/lib/python3.10/site-packages/cv2/../../lib64:/usr/local/cuda/compat/lib.real:/usr/local/lib/python3.10/dist-packages/torch/lib:/usr/local/lib/python3.10/dist-packages/torch_tensorrt/lib:/usr/local/cuda/compat/lib:/usr/local/nvidia/lib:/usr/local/nvidia/lib64
2025-09-30 08:52:47.848338: W tensorflow/stream_executor/platform/default/dso_loader.cc:64] Could not load dynamic library 'libnvinfer_plugin.so.7'; dlerror: libnvinfer_plugin.so.7: cannot open shared object file: No such file or directory; LD_LIBRARY_PATH: /share/project/wangjiahao/anaconda3/envs/nova3/lib/python3.10/site-packages/cv2/../../lib64:/usr/local/cuda/compat/lib.real:/usr/local/lib/python3.10/dist-packages/torch/lib:/usr/local/lib/python3.10/dist-packages/torch_tensorrt/lib:/usr/local/cuda/compat/lib:/usr/local/nvidia/lib:/usr/local/nvidia/lib64
2025-09-30 08:52:47.848346: W tensorflow/compiler/tf2tensorrt/utils/py_utils.cc:38] TF-TRT Warning: Cannot dlopen some TensorRT libraries. If you would like to use Nvidia GPU with TensorRT, please make sure the missing libraries mentioned above are installed properly.
INFO train_torchrun.py:60] Called with args:
Namespace(cfg='/share/project/wangjiahao/LAR/diffnext/config/t2i/sdxl28m_nova_d48w1536_512px_finetune_nova_v2.yml', exp_dir='exp_dir/t2i/linear_decouple1_kvscale1_w1536_6node_finetune_nova_512px_v2', tensorboard=True, distributed=False, host='', deepspeed='/share/project/wangjiahao/LAR/configs/deepspeed/zero2_bf16.json', num_gpus='8', world_size='6', rank='4', master_ip='job-ead216a2-e2ba-46da-8e87-bae181933456-master-0')
INFO train_torchrun.py:64] Using config:
GPU_ID: 0
MODEL:
  CONFIG: {'image_dim': 4, 'image_size': [512, 512], 'image_stride': 8, 'text_token_dim': 2560, 'text_token_len': 256, 'video_base_size': [1, 16, 16], 'image_base_size': [32, 32], 'arch': ['vit_d16w1536', 'vit_d32w1536', 'mlp_d6w1536']}
  PRECISION: bfloat16
  TYPE: transformer
  WEIGHTS: /share/project/wangjiahao/LAR/pretrained/models.t2i/finetune_nova_d48w1536_512px_v2
NUM_GPUS: 48
PIPELINE:
  MODULES: {'scheduler': '/share/project/panting/mm_ckpt/nova_shared/scheduler/flow', 'text_encoder': '/share/project/panting/mm_ckpt/nova_shared/text_encoder/phi2', 'tokenizer': '/share/project/panting/mm_ckpt/nova_shared/tokenizer/phi2', 'vae': '/share/project/panting/mm_ckpt/nova_shared/vae/sdxl', 'model_index': '/share/project/wangjiahao/LAR/diffnext/model_index/linear/t2i/linear_decouple1_kvscale1_high_res_flow_sdxl_phi2_nova.json'}
  TYPE: nova_train_t2i
RNG_SEED: 3
SOLVER:
  ACCUM_STEPS: 1
  ADAM_BETA2: 0.95
  BASE_LR: 0.0001
  DECAY_GAMMA: 0.5
  DECAY_STEPS: []
  DISPLAY: 20
  EMA_EVERY: 100
  LR_POLICY: 
  MAX_STEPS: 2500000
  MIN_LR: 0.0
  OPTIMIZER: AdamW
  SNAPSHOT_EVERY: 5000
  SNAPSHOT_PREFIX: sdxl28m_nova_d48w1536_256px
  WARM_UP_FACTOR: 0.001
  WARM_UP_STEPS: 10000
  WEIGHT_DECAY: 0.02
TRAIN:
  BATCH_SIZE: 4
  CHECKPOINTING: 2
  DATASET: /share/project/panting/share_datasets/emu3_sdxl512_train28m
  DATASET2: 
  DEVICE_EMA: gpu
  LOADER: vae_train
  LOSS_REPEAT: 4
  MODEL_EMA: 0.99
  NUM_THREADS: 8
W0930 08:52:56.982000 140124495599424 torch/distributed/run.py:779] 
W0930 08:52:56.982000 140124495599424 torch/distributed/run.py:779] *****************************************
W0930 08:52:56.982000 140124495599424 torch/distributed/run.py:779] Setting OMP_NUM_THREADS environment variable for each process to be 1 in default, to avoid your system being overloaded, please further tune the variable for optimal performance in your application as needed. 
W0930 08:52:56.982000 140124495599424 torch/distributed/run.py:779] *****************************************
/share/project/wangjiahao/anaconda3/envs/nova3/lib/python3.10/site-packages/_distutils_hack/__init__.py:53: UserWarning: Reliance on distutils from stdlib is deprecated. Users must rely on setuptools to provide the distutils module. Avoid importing distutils or import setuptools first, and avoid setting SETUPTOOLS_USE_DISTUTILS=stdlib. Register concerns at https://github.com/pypa/setuptools/issues/new?template=distutils-deprecation.yml
  warnings.warn(
/share/project/wangjiahao/anaconda3/envs/nova3/lib/python3.10/site-packages/_distutils_hack/__init__.py:53: UserWarning: Reliance on distutils from stdlib is deprecated. Users must rely on setuptools to provide the distutils module. Avoid importing distutils or import setuptools first, and avoid setting SETUPTOOLS_USE_DISTUTILS=stdlib. Register concerns at https://github.com/pypa/setuptools/issues/new?template=distutils-deprecation.yml
  warnings.warn(
/share/project/wangjiahao/anaconda3/envs/nova3/lib/python3.10/site-packages/_distutils_hack/__init__.py:53: UserWarning: Reliance on distutils from stdlib is deprecated. Users must rely on setuptools to provide the distutils module. Avoid importing distutils or import setuptools first, and avoid setting SETUPTOOLS_USE_DISTUTILS=stdlib. Register concerns at https://github.com/pypa/setuptools/issues/new?template=distutils-deprecation.yml
  warnings.warn(
/share/project/wangjiahao/anaconda3/envs/nova3/lib/python3.10/site-packages/_distutils_hack/__init__.py:53: UserWarning: Reliance on distutils from stdlib is deprecated. Users must rely on setuptools to provide the distutils module. Avoid importing distutils or import setuptools first, and avoid setting SETUPTOOLS_USE_DISTUTILS=stdlib. Register concerns at https://github.com/pypa/setuptools/issues/new?template=distutils-deprecation.yml
  warnings.warn(
/share/project/wangjiahao/anaconda3/envs/nova3/lib/python3.10/site-packages/_distutils_hack/__init__.py:53: UserWarning: Reliance on distutils from stdlib is deprecated. Users must rely on setuptools to provide the distutils module. Avoid importing distutils or import setuptools first, and avoid setting SETUPTOOLS_USE_DISTUTILS=stdlib. Register concerns at https://github.com/pypa/setuptools/issues/new?template=distutils-deprecation.yml
  warnings.warn(
/share/project/wangjiahao/anaconda3/envs/nova3/lib/python3.10/site-packages/_distutils_hack/__init__.py:53: UserWarning: Reliance on distutils from stdlib is deprecated. Users must rely on setuptools to provide the distutils module. Avoid importing distutils or import setuptools first, and avoid setting SETUPTOOLS_USE_DISTUTILS=stdlib. Register concerns at https://github.com/pypa/setuptools/issues/new?template=distutils-deprecation.yml
  warnings.warn(
/share/project/wangjiahao/anaconda3/envs/nova3/lib/python3.10/site-packages/_distutils_hack/__init__.py:53: UserWarning: Reliance on distutils from stdlib is deprecated. Users must rely on setuptools to provide the distutils module. Avoid importing distutils or import setuptools first, and avoid setting SETUPTOOLS_USE_DISTUTILS=stdlib. Register concerns at https://github.com/pypa/setuptools/issues/new?template=distutils-deprecation.yml
  warnings.warn(
/share/project/wangjiahao/anaconda3/envs/nova3/lib/python3.10/site-packages/_distutils_hack/__init__.py:53: UserWarning: Reliance on distutils from stdlib is deprecated. Users must rely on setuptools to provide the distutils module. Avoid importing distutils or import setuptools first, and avoid setting SETUPTOOLS_USE_DISTUTILS=stdlib. Register concerns at https://github.com/pypa/setuptools/issues/new?template=distutils-deprecation.yml
  warnings.warn(
2025-09-30 08:53:45.671474: I tensorflow/core/platform/cpu_feature_guard.cc:193] This TensorFlow binary is optimized with oneAPI Deep Neural Network Library (oneDNN) to use the following CPU instructions in performance-critical operations:  AVX2 FMA
To enable them in other operations, rebuild TensorFlow with the appropriate compiler flags.
2025-09-30 08:53:45.671589: I tensorflow/core/platform/cpu_feature_guard.cc:193] This TensorFlow binary is optimized with oneAPI Deep Neural Network Library (oneDNN) to use the following CPU instructions in performance-critical operations:  AVX2 FMA
To enable them in other operations, rebuild TensorFlow with the appropriate compiler flags.
2025-09-30 08:53:45.672585: I tensorflow/core/platform/cpu_feature_guard.cc:193] This TensorFlow binary is optimized with oneAPI Deep Neural Network Library (oneDNN) to use the following CPU instructions in performance-critical operations:  AVX2 FMA
To enable them in other operations, rebuild TensorFlow with the appropriate compiler flags.
2025-09-30 08:53:45.688510: I tensorflow/core/platform/cpu_feature_guard.cc:193] This TensorFlow binary is optimized with oneAPI Deep Neural Network Library (oneDNN) to use the following CPU instructions in performance-critical operations:  AVX2 FMA
To enable them in other operations, rebuild TensorFlow with the appropriate compiler flags.
2025-09-30 08:53:45.688743: I tensorflow/core/platform/cpu_feature_guard.cc:193] This TensorFlow binary is optimized with oneAPI Deep Neural Network Library (oneDNN) to use the following CPU instructions in performance-critical operations:  AVX2 FMA
To enable them in other operations, rebuild TensorFlow with the appropriate compiler flags.
2025-09-30 08:53:45.688829: I tensorflow/core/platform/cpu_feature_guard.cc:193] This TensorFlow binary is optimized with oneAPI Deep Neural Network Library (oneDNN) to use the following CPU instructions in performance-critical operations:  AVX2 FMA
To enable them in other operations, rebuild TensorFlow with the appropriate compiler flags.
2025-09-30 08:53:45.689227: I tensorflow/core/platform/cpu_feature_guard.cc:193] This TensorFlow binary is optimized with oneAPI Deep Neural Network Library (oneDNN) to use the following CPU instructions in performance-critical operations:  AVX2 FMA
To enable them in other operations, rebuild TensorFlow with the appropriate compiler flags.
2025-09-30 08:53:45.689227: I tensorflow/core/platform/cpu_feature_guard.cc:193] This TensorFlow binary is optimized with oneAPI Deep Neural Network Library (oneDNN) to use the following CPU instructions in performance-critical operations:  AVX2 FMA
To enable them in other operations, rebuild TensorFlow with the appropriate compiler flags.
2025-09-30 08:53:45.910756: E tensorflow/stream_executor/cuda/cuda_blas.cc:2981] Unable to register cuBLAS factory: Attempting to register factory for plugin cuBLAS when one has already been registered
2025-09-30 08:53:45.911340: E tensorflow/stream_executor/cuda/cuda_blas.cc:2981] Unable to register cuBLAS factory: Attempting to register factory for plugin cuBLAS when one has already been registered
2025-09-30 08:53:45.911594: E tensorflow/stream_executor/cuda/cuda_blas.cc:2981] Unable to register cuBLAS factory: Attempting to register factory for plugin cuBLAS when one has already been registered
2025-09-30 08:53:45.911601: E tensorflow/stream_executor/cuda/cuda_blas.cc:2981] Unable to register cuBLAS factory: Attempting to register factory for plugin cuBLAS when one has already been registered
2025-09-30 08:53:45.911749: E tensorflow/stream_executor/cuda/cuda_blas.cc:2981] Unable to register cuBLAS factory: Attempting to register factory for plugin cuBLAS when one has already been registered
2025-09-30 08:53:45.911882: E tensorflow/stream_executor/cuda/cuda_blas.cc:2981] Unable to register cuBLAS factory: Attempting to register factory for plugin cuBLAS when one has already been registered
2025-09-30 08:53:45.911928: E tensorflow/stream_executor/cuda/cuda_blas.cc:2981] Unable to register cuBLAS factory: Attempting to register factory for plugin cuBLAS when one has already been registered
2025-09-30 08:53:45.911971: E tensorflow/stream_executor/cuda/cuda_blas.cc:2981] Unable to register cuBLAS factory: Attempting to register factory for plugin cuBLAS when one has already been registered
2025-09-30 08:53:48.392792: W tensorflow/stream_executor/platform/default/dso_loader.cc:64] Could not load dynamic library 'libnvinfer.so.7'; dlerror: libnvinfer.so.7: cannot open shared object file: No such file or directory; LD_LIBRARY_PATH: /share/project/wangjiahao/anaconda3/envs/nova3/lib/python3.10/site-packages/cv2/../../lib64:/share/project/wangjiahao/anaconda3/envs/nova3/lib/python3.10/site-packages/cv2/../../lib64:/usr/local/cuda/compat/lib.real:/usr/local/lib/python3.10/dist-packages/torch/lib:/usr/local/lib/python3.10/dist-packages/torch_tensorrt/lib:/usr/local/cuda/compat/lib:/usr/local/nvidia/lib:/usr/local/nvidia/lib64
2025-09-30 08:53:48.392889: W tensorflow/stream_executor/platform/default/dso_loader.cc:64] Could not load dynamic library 'libnvinfer.so.7'; dlerror: libnvinfer.so.7: cannot open shared object file: No such file or directory; LD_LIBRARY_PATH: /share/project/wangjiahao/anaconda3/envs/nova3/lib/python3.10/site-packages/cv2/../../lib64:/share/project/wangjiahao/anaconda3/envs/nova3/lib/python3.10/site-packages/cv2/../../lib64:/usr/local/cuda/compat/lib.real:/usr/local/lib/python3.10/dist-packages/torch/lib:/usr/local/lib/python3.10/dist-packages/torch_tensorrt/lib:/usr/local/cuda/compat/lib:/usr/local/nvidia/lib:/usr/local/nvidia/lib64
2025-09-30 08:53:48.393329: W tensorflow/stream_executor/platform/default/dso_loader.cc:64] Could not load dynamic library 'libnvinfer_plugin.so.7'; dlerror: libnvinfer_plugin.so.7: cannot open shared object file: No such file or directory; LD_LIBRARY_PATH: /share/project/wangjiahao/anaconda3/envs/nova3/lib/python3.10/site-packages/cv2/../../lib64:/share/project/wangjiahao/anaconda3/envs/nova3/lib/python3.10/site-packages/cv2/../../lib64:/usr/local/cuda/compat/lib.real:/usr/local/lib/python3.10/dist-packages/torch/lib:/usr/local/lib/python3.10/dist-packages/torch_tensorrt/lib:/usr/local/cuda/compat/lib:/usr/local/nvidia/lib:/usr/local/nvidia/lib64
2025-09-30 08:53:48.393343: W tensorflow/compiler/tf2tensorrt/utils/py_utils.cc:38] TF-TRT Warning: Cannot dlopen some TensorRT libraries. If you would like to use Nvidia GPU with TensorRT, please make sure the missing libraries mentioned above are installed properly.
2025-09-30 08:53:48.393344: W tensorflow/stream_executor/platform/default/dso_loader.cc:64] Could not load dynamic library 'libnvinfer_plugin.so.7'; dlerror: libnvinfer_plugin.so.7: cannot open shared object file: No such file or directory; LD_LIBRARY_PATH: /share/project/wangjiahao/anaconda3/envs/nova3/lib/python3.10/site-packages/cv2/../../lib64:/share/project/wangjiahao/anaconda3/envs/nova3/lib/python3.10/site-packages/cv2/../../lib64:/usr/local/cuda/compat/lib.real:/usr/local/lib/python3.10/dist-packages/torch/lib:/usr/local/lib/python3.10/dist-packages/torch_tensorrt/lib:/usr/local/cuda/compat/lib:/usr/local/nvidia/lib:/usr/local/nvidia/lib64
2025-09-30 08:53:48.393350: W tensorflow/compiler/tf2tensorrt/utils/py_utils.cc:38] TF-TRT Warning: Cannot dlopen some TensorRT libraries. If you would like to use Nvidia GPU with TensorRT, please make sure the missing libraries mentioned above are installed properly.
2025-09-30 08:53:48.393438: W tensorflow/stream_executor/platform/default/dso_loader.cc:64] Could not load dynamic library 'libnvinfer.so.7'; dlerror: libnvinfer.so.7: cannot open shared object file: No such file or directory; LD_LIBRARY_PATH: /share/project/wangjiahao/anaconda3/envs/nova3/lib/python3.10/site-packages/cv2/../../lib64:/share/project/wangjiahao/anaconda3/envs/nova3/lib/python3.10/site-packages/cv2/../../lib64:/usr/local/cuda/compat/lib.real:/usr/local/lib/python3.10/dist-packages/torch/lib:/usr/local/lib/python3.10/dist-packages/torch_tensorrt/lib:/usr/local/cuda/compat/lib:/usr/local/nvidia/lib:/usr/local/nvidia/lib64
2025-09-30 08:53:48.393520: W tensorflow/stream_executor/platform/default/dso_loader.cc:64] Could not load dynamic library 'libnvinfer_plugin.so.7'; dlerror: libnvinfer_plugin.so.7: cannot open shared object file: No such file or directory; LD_LIBRARY_PATH: /share/project/wangjiahao/anaconda3/envs/nova3/lib/python3.10/site-packages/cv2/../../lib64:/share/project/wangjiahao/anaconda3/envs/nova3/lib/python3.10/site-packages/cv2/../../lib64:/usr/local/cuda/compat/lib.real:/usr/local/lib/python3.10/dist-packages/torch/lib:/usr/local/lib/python3.10/dist-packages/torch_tensorrt/lib:/usr/local/cuda/compat/lib:/usr/local/nvidia/lib:/usr/local/nvidia/lib64
2025-09-30 08:53:48.393525: W tensorflow/compiler/tf2tensorrt/utils/py_utils.cc:38] TF-TRT Warning: Cannot dlopen some TensorRT libraries. If you would like to use Nvidia GPU with TensorRT, please make sure the missing libraries mentioned above are installed properly.
2025-09-30 08:53:48.401458: W tensorflow/stream_executor/platform/default/dso_loader.cc:64] Could not load dynamic library 'libnvinfer.so.7'; dlerror: libnvinfer.so.7: cannot open shared object file: No such file or directory; LD_LIBRARY_PATH: /share/project/wangjiahao/anaconda3/envs/nova3/lib/python3.10/site-packages/cv2/../../lib64:/share/project/wangjiahao/anaconda3/envs/nova3/lib/python3.10/site-packages/cv2/../../lib64:/usr/local/cuda/compat/lib.real:/usr/local/lib/python3.10/dist-packages/torch/lib:/usr/local/lib/python3.10/dist-packages/torch_tensorrt/lib:/usr/local/cuda/compat/lib:/usr/local/nvidia/lib:/usr/local/nvidia/lib64
2025-09-30 08:53:48.401540: W tensorflow/stream_executor/platform/default/dso_loader.cc:64] Could not load dynamic library 'libnvinfer_plugin.so.7'; dlerror: libnvinfer_plugin.so.7: cannot open shared object file: No such file or directory; LD_LIBRARY_PATH: /share/project/wangjiahao/anaconda3/envs/nova3/lib/python3.10/site-packages/cv2/../../lib64:/share/project/wangjiahao/anaconda3/envs/nova3/lib/python3.10/site-packages/cv2/../../lib64:/usr/local/cuda/compat/lib.real:/usr/local/lib/python3.10/dist-packages/torch/lib:/usr/local/lib/python3.10/dist-packages/torch_tensorrt/lib:/usr/local/cuda/compat/lib:/usr/local/nvidia/lib:/usr/local/nvidia/lib64
2025-09-30 08:53:48.401546: W tensorflow/compiler/tf2tensorrt/utils/py_utils.cc:38] TF-TRT Warning: Cannot dlopen some TensorRT libraries. If you would like to use Nvidia GPU with TensorRT, please make sure the missing libraries mentioned above are installed properly.
2025-09-30 08:53:48.406320: W tensorflow/stream_executor/platform/default/dso_loader.cc:64] Could not load dynamic library 'libnvinfer.so.7'; dlerror: libnvinfer.so.7: cannot open shared object file: No such file or directory; LD_LIBRARY_PATH: /share/project/wangjiahao/anaconda3/envs/nova3/lib/python3.10/site-packages/cv2/../../lib64:/share/project/wangjiahao/anaconda3/envs/nova3/lib/python3.10/site-packages/cv2/../../lib64:/usr/local/cuda/compat/lib.real:/usr/local/lib/python3.10/dist-packages/torch/lib:/usr/local/lib/python3.10/dist-packages/torch_tensorrt/lib:/usr/local/cuda/compat/lib:/usr/local/nvidia/lib:/usr/local/nvidia/lib64
2025-09-30 08:53:48.406402: W tensorflow/stream_executor/platform/default/dso_loader.cc:64] Could not load dynamic library 'libnvinfer_plugin.so.7'; dlerror: libnvinfer_plugin.so.7: cannot open shared object file: No such file or directory; LD_LIBRARY_PATH: /share/project/wangjiahao/anaconda3/envs/nova3/lib/python3.10/site-packages/cv2/../../lib64:/share/project/wangjiahao/anaconda3/envs/nova3/lib/python3.10/site-packages/cv2/../../lib64:/usr/local/cuda/compat/lib.real:/usr/local/lib/python3.10/dist-packages/torch/lib:/usr/local/lib/python3.10/dist-packages/torch_tensorrt/lib:/usr/local/cuda/compat/lib:/usr/local/nvidia/lib:/usr/local/nvidia/lib64
2025-09-30 08:53:48.406409: W tensorflow/compiler/tf2tensorrt/utils/py_utils.cc:38] TF-TRT Warning: Cannot dlopen some TensorRT libraries. If you would like to use Nvidia GPU with TensorRT, please make sure the missing libraries mentioned above are installed properly.
2025-09-30 08:53:48.416460: W tensorflow/stream_executor/platform/default/dso_loader.cc:64] Could not load dynamic library 'libnvinfer.so.7'; dlerror: libnvinfer.so.7: cannot open shared object file: No such file or directory; LD_LIBRARY_PATH: /share/project/wangjiahao/anaconda3/envs/nova3/lib/python3.10/site-packages/cv2/../../lib64:/share/project/wangjiahao/anaconda3/envs/nova3/lib/python3.10/site-packages/cv2/../../lib64:/usr/local/cuda/compat/lib.real:/usr/local/lib/python3.10/dist-packages/torch/lib:/usr/local/lib/python3.10/dist-packages/torch_tensorrt/lib:/usr/local/cuda/compat/lib:/usr/local/nvidia/lib:/usr/local/nvidia/lib64
2025-09-30 08:53:48.416460: W tensorflow/stream_executor/platform/default/dso_loader.cc:64] Could not load dynamic library 'libnvinfer.so.7'; dlerror: libnvinfer.so.7: cannot open shared object file: No such file or directory; LD_LIBRARY_PATH: /share/project/wangjiahao/anaconda3/envs/nova3/lib/python3.10/site-packages/cv2/../../lib64:/share/project/wangjiahao/anaconda3/envs/nova3/lib/python3.10/site-packages/cv2/../../lib64:/usr/local/cuda/compat/lib.real:/usr/local/lib/python3.10/dist-packages/torch/lib:/usr/local/lib/python3.10/dist-packages/torch_tensorrt/lib:/usr/local/cuda/compat/lib:/usr/local/nvidia/lib:/usr/local/nvidia/lib64
2025-09-30 08:53:48.416531: W tensorflow/stream_executor/platform/default/dso_loader.cc:64] Could not load dynamic library 'libnvinfer.so.7'; dlerror: libnvinfer.so.7: cannot open shared object file: No such file or directory; LD_LIBRARY_PATH: /share/project/wangjiahao/anaconda3/envs/nova3/lib/python3.10/site-packages/cv2/../../lib64:/share/project/wangjiahao/anaconda3/envs/nova3/lib/python3.10/site-packages/cv2/../../lib64:/usr/local/cuda/compat/lib.real:/usr/local/lib/python3.10/dist-packages/torch/lib:/usr/local/lib/python3.10/dist-packages/torch_tensorrt/lib:/usr/local/cuda/compat/lib:/usr/local/nvidia/lib:/usr/local/nvidia/lib64
2025-09-30 08:53:48.416573: W tensorflow/stream_executor/platform/default/dso_loader.cc:64] Could not load dynamic library 'libnvinfer_plugin.so.7'; dlerror: libnvinfer_plugin.so.7: cannot open shared object file: No such file or directory; LD_LIBRARY_PATH: /share/project/wangjiahao/anaconda3/envs/nova3/lib/python3.10/site-packages/cv2/../../lib64:/share/project/wangjiahao/anaconda3/envs/nova3/lib/python3.10/site-packages/cv2/../../lib64:/usr/local/cuda/compat/lib.real:/usr/local/lib/python3.10/dist-packages/torch/lib:/usr/local/lib/python3.10/dist-packages/torch_tensorrt/lib:/usr/local/cuda/compat/lib:/usr/local/nvidia/lib:/usr/local/nvidia/lib64
2025-09-30 08:53:48.416576: W tensorflow/stream_executor/platform/default/dso_loader.cc:64] Could not load dynamic library 'libnvinfer_plugin.so.7'; dlerror: libnvinfer_plugin.so.7: cannot open shared object file: No such file or directory; LD_LIBRARY_PATH: /share/project/wangjiahao/anaconda3/envs/nova3/lib/python3.10/site-packages/cv2/../../lib64:/share/project/wangjiahao/anaconda3/envs/nova3/lib/python3.10/site-packages/cv2/../../lib64:/usr/local/cuda/compat/lib.real:/usr/local/lib/python3.10/dist-packages/torch/lib:/usr/local/lib/python3.10/dist-packages/torch_tensorrt/lib:/usr/local/cuda/compat/lib:/usr/local/nvidia/lib:/usr/local/nvidia/lib64
2025-09-30 08:53:48.416579: W tensorflow/compiler/tf2tensorrt/utils/py_utils.cc:38] TF-TRT Warning: Cannot dlopen some TensorRT libraries. If you would like to use Nvidia GPU with TensorRT, please make sure the missing libraries mentioned above are installed properly.
2025-09-30 08:53:48.416580: W tensorflow/compiler/tf2tensorrt/utils/py_utils.cc:38] TF-TRT Warning: Cannot dlopen some TensorRT libraries. If you would like to use Nvidia GPU with TensorRT, please make sure the missing libraries mentioned above are installed properly.
2025-09-30 08:53:48.416625: W tensorflow/stream_executor/platform/default/dso_loader.cc:64] Could not load dynamic library 'libnvinfer_plugin.so.7'; dlerror: libnvinfer_plugin.so.7: cannot open shared object file: No such file or directory; LD_LIBRARY_PATH: /share/project/wangjiahao/anaconda3/envs/nova3/lib/python3.10/site-packages/cv2/../../lib64:/share/project/wangjiahao/anaconda3/envs/nova3/lib/python3.10/site-packages/cv2/../../lib64:/usr/local/cuda/compat/lib.real:/usr/local/lib/python3.10/dist-packages/torch/lib:/usr/local/lib/python3.10/dist-packages/torch_tensorrt/lib:/usr/local/cuda/compat/lib:/usr/local/nvidia/lib:/usr/local/nvidia/lib64
2025-09-30 08:53:48.416630: W tensorflow/compiler/tf2tensorrt/utils/py_utils.cc:38] TF-TRT Warning: Cannot dlopen some TensorRT libraries. If you would like to use Nvidia GPU with TensorRT, please make sure the missing libraries mentioned above are installed properly.
Loading pipeline components...:   0%|          | 0/5 [00:00<?, ?it/s]An error occurred while trying to fetch /tmp/tmp1lszx8hv/transformer: Error no file named diffusion_pytorch_model.safetensors found in directory /tmp/tmp1lszx8hv/transformer.
Defaulting to unsafe serialization. Pass `allow_pickle=False` to raise an error instead.
LinearAttentionDecoder initialized with image_size=(64, 64), patch_size=2
Effective image_size=64, calculated sequence_length=1280
LinearAttentionDecoder initialized with image_size=(64, 64), patch_size=2
Effective image_size=64, calculated sequence_length=1280
LinearAttentionDecoder initialized with image_size=(64, 64), patch_size=2
Effective image_size=64, calculated sequence_length=1280
LinearAttentionDecoder initialized with image_size=(64, 64), patch_size=2
Effective image_size=64, calculated sequence_length=1280
LinearAttentionDecoder initialized with image_size=(64, 64), patch_size=2
Effective image_size=64, calculated sequence_length=1280
LinearAttentionDecoder initialized with image_size=(64, 64), patch_size=2
Effective image_size=64, calculated sequence_length=1280
LinearAttentionDecoder initialized with image_size=(64, 64), patch_size=2
Effective image_size=64, calculated sequence_length=1280
LinearAttentionDecoder initialized with image_size=(64, 64), patch_size=2
Effective image_size=64, calculated sequence_length=1280
LinearAttentionDecoder initialized with image_size=(64, 64), patch_size=2
Effective image_size=64, calculated sequence_length=1280
LinearAttentionDecoder initialized with image_size=(64, 64), patch_size=2
Effective image_size=64, calculated sequence_length=1280
LinearAttentionDecoder initialized with image_size=(64, 64), patch_size=2
Effective image_size=64, calculated sequence_length=1280
LinearAttentionDecoder initialized with image_size=(64, 64), patch_size=2
Effective image_size=64, calculated sequence_length=1280
LinearAttentionDecoder initialized with image_size=(64, 64), patch_size=2
Effective image_size=64, calculated sequence_length=1280
LinearAttentionDecoder initialized with image_size=(64, 64), patch_size=2
Effective image_size=64, calculated sequence_length=1280
LinearAttentionDecoder initialized with image_size=(64, 64), patch_size=2
Effective image_size=64, calculated sequence_length=1280
LinearAttentionDecoder initialized with image_size=(64, 64), patch_size=2
Effective image_size=64, calculated sequence_length=1280
Loading pipeline components...:   0%|          | 0/5 [00:00<?, ?it/s]
Loading checkpoint shards:   0%|          | 0/2 [00:00<?, ?it/s][ALoading pipeline components...:   0%|          | 0/5 [00:00<?, ?it/s]Loading pipeline components...:   0%|          | 0/5 [00:00<?, ?it/s]Loading pipeline components...:   0%|          | 0/5 [00:00<?, ?it/s]Loading pipeline components...:   0%|          | 0/5 [00:00<?, ?it/s]Loading pipeline components...:   0%|          | 0/5 [00:00<?, ?it/s]Loading pipeline components...:   0%|          | 0/5 [00:00<?, ?it/s]An error occurred while trying to fetch /tmp/tmp9rlrmla5/transformer: Error no file named diffusion_pytorch_model.safetensors found in directory /tmp/tmp9rlrmla5/transformer.
Defaulting to unsafe serialization. Pass `allow_pickle=False` to raise an error instead.
An error occurred while trying to fetch /tmp/tmphh5bcrsh/transformer: Error no file named diffusion_pytorch_model.safetensors found in directory /tmp/tmphh5bcrsh/transformer.
Defaulting to unsafe serialization. Pass `allow_pickle=False` to raise an error instead.
An error occurred while trying to fetch /tmp/tmp87dc1xum/transformer: Error no file named diffusion_pytorch_model.safetensors found in directory /tmp/tmp87dc1xum/transformer.
Defaulting to unsafe serialization. Pass `allow_pickle=False` to raise an error instead.
LinearAttentionDecoder initialized with image_size=(64, 64), patch_size=2
Effective image_size=64, calculated sequence_length=1280
LinearAttentionDecoder initialized with image_size=(64, 64), patch_size=2
LinearAttentionDecoder initialized with image_size=(64, 64), patch_size=2
Effective image_size=64, calculated sequence_length=1280
Effective image_size=64, calculated sequence_length=1280
LinearAttentionDecoder initialized with image_size=(64, 64), patch_size=2
LinearAttentionDecoder initialized with image_size=(64, 64), patch_size=2
Effective image_size=64, calculated sequence_length=1280
Effective image_size=64, calculated sequence_length=1280
LinearAttentionDecoder initialized with image_size=(64, 64), patch_size=2
LinearAttentionDecoder initialized with image_size=(64, 64), patch_size=2
Effective image_size=64, calculated sequence_length=1280
Effective image_size=64, calculated sequence_length=1280
LinearAttentionDecoder initialized with image_size=(64, 64), patch_size=2
LinearAttentionDecoder initialized with image_size=(64, 64), patch_size=2
Effective image_size=64, calculated sequence_length=1280
Effective image_size=64, calculated sequence_length=1280
LinearAttentionDecoder initialized with image_size=(64, 64), patch_size=2
LinearAttentionDecoder initialized with image_size=(64, 64), patch_size=2
Effective image_size=64, calculated sequence_length=1280
Effective image_size=64, calculated sequence_length=1280
LinearAttentionDecoder initialized with image_size=(64, 64), patch_size=2
LinearAttentionDecoder initialized with image_size=(64, 64), patch_size=2
Effective image_size=64, calculated sequence_length=1280
Effective image_size=64, calculated sequence_length=1280
LinearAttentionDecoder initialized with image_size=(64, 64), patch_size=2
LinearAttentionDecoder initialized with image_size=(64, 64), patch_size=2
Effective image_size=64, calculated sequence_length=1280
LinearAttentionDecoder initialized with image_size=(64, 64), patch_size=2
Effective image_size=64, calculated sequence_length=1280
LinearAttentionDecoder initialized with image_size=(64, 64), patch_size=2
Effective image_size=64, calculated sequence_length=1280
Effective image_size=64, calculated sequence_length=1280LinearAttentionDecoder initialized with image_size=(64, 64), patch_size=2

LinearAttentionDecoder initialized with image_size=(64, 64), patch_size=2
Effective image_size=64, calculated sequence_length=1280
LinearAttentionDecoder initialized with image_size=(64, 64), patch_size=2
Effective image_size=64, calculated sequence_length=1280
Effective image_size=64, calculated sequence_length=1280
LinearAttentionDecoder initialized with image_size=(64, 64), patch_size=2
LinearAttentionDecoder initialized with image_size=(64, 64), patch_size=2
Effective image_size=64, calculated sequence_length=1280
LinearAttentionDecoder initialized with image_size=(64, 64), patch_size=2
Effective image_size=64, calculated sequence_length=1280
Effective image_size=64, calculated sequence_length=1280
LinearAttentionDecoder initialized with image_size=(64, 64), patch_size=2
LinearAttentionDecoder initialized with image_size=(64, 64), patch_size=2
LinearAttentionDecoder initialized with image_size=(64, 64), patch_size=2
Effective image_size=64, calculated sequence_length=1280
Effective image_size=64, calculated sequence_length=1280
Effective image_size=64, calculated sequence_length=1280
LinearAttentionDecoder initialized with image_size=(64, 64), patch_size=2
LinearAttentionDecoder initialized with image_size=(64, 64), patch_size=2
LinearAttentionDecoder initialized with image_size=(64, 64), patch_size=2
Effective image_size=64, calculated sequence_length=1280
Effective image_size=64, calculated sequence_length=1280
Effective image_size=64, calculated sequence_length=1280
LinearAttentionDecoder initialized with image_size=(64, 64), patch_size=2
LinearAttentionDecoder initialized with image_size=(64, 64), patch_size=2
Effective image_size=64, calculated sequence_length=1280
LinearAttentionDecoder initialized with image_size=(64, 64), patch_size=2
Effective image_size=64, calculated sequence_length=1280
LinearAttentionDecoder initialized with image_size=(64, 64), patch_size=2
Effective image_size=64, calculated sequence_length=1280
LinearAttentionDecoder initialized with image_size=(64, 64), patch_size=2
Effective image_size=64, calculated sequence_length=1280
LinearAttentionDecoder initialized with image_size=(64, 64), patch_size=2
Effective image_size=64, calculated sequence_length=1280
Effective image_size=64, calculated sequence_length=1280
LinearAttentionDecoder initialized with image_size=(64, 64), patch_size=2
LinearAttentionDecoder initialized with image_size=(64, 64), patch_size=2
LinearAttentionDecoder initialized with image_size=(64, 64), patch_size=2
Effective image_size=64, calculated sequence_length=1280
Effective image_size=64, calculated sequence_length=1280
Effective image_size=64, calculated sequence_length=1280
LinearAttentionDecoder initialized with image_size=(64, 64), patch_size=2
LinearAttentionDecoder initialized with image_size=(64, 64), patch_size=2
Effective image_size=64, calculated sequence_length=1280
LinearAttentionDecoder initialized with image_size=(64, 64), patch_size=2
Effective image_size=64, calculated sequence_length=1280
Effective image_size=64, calculated sequence_length=1280
LinearAttentionDecoder initialized with image_size=(64, 64), patch_size=2
Effective image_size=64, calculated sequence_length=1280
LinearAttentionDecoder initialized with image_size=(64, 64), patch_size=2
Effective image_size=64, calculated sequence_length=1280
LinearAttentionDecoder initialized with image_size=(64, 64), patch_size=2
Effective image_size=64, calculated sequence_length=1280
LinearAttentionDecoder initialized with image_size=(64, 64), patch_size=2
Effective image_size=64, calculated sequence_length=1280
LinearAttentionDecoder initialized with image_size=(64, 64), patch_size=2
Effective image_size=64, calculated sequence_length=1280
LinearAttentionDecoder initialized with image_size=(64, 64), patch_size=2
Effective image_size=64, calculated sequence_length=1280
LinearAttentionDecoder initialized with image_size=(64, 64), patch_size=2
Effective image_size=64, calculated sequence_length=1280
Loading pipeline components...:  40%|████      | 2/5 [00:00<00:00, 15.82it/s]Loading pipeline components...:  20%|██        | 1/5 [00:00<00:00,  7.26it/s]An error occurred while trying to fetch /tmp/tmp0c3ug7b0/transformer: Error no file named diffusion_pytorch_model.safetensors found in directory /tmp/tmp0c3ug7b0/transformer.
Defaulting to unsafe serialization. Pass `allow_pickle=False` to raise an error instead.
LinearAttentionDecoder initialized with image_size=(64, 64), patch_size=2
Effective image_size=64, calculated sequence_length=1280
LinearAttentionDecoder initialized with image_size=(64, 64), patch_size=2
Effective image_size=64, calculated sequence_length=1280
LinearAttentionDecoder initialized with image_size=(64, 64), patch_size=2
Effective image_size=64, calculated sequence_length=1280
LinearAttentionDecoder initialized with image_size=(64, 64), patch_size=2
Effective image_size=64, calculated sequence_length=1280
LinearAttentionDecoder initialized with image_size=(64, 64), patch_size=2
Effective image_size=64, calculated sequence_length=1280
LinearAttentionDecoder initialized with image_size=(64, 64), patch_size=2
Effective image_size=64, calculated sequence_length=1280
LinearAttentionDecoder initialized with image_size=(64, 64), patch_size=2
Effective image_size=64, calculated sequence_length=1280
LinearAttentionDecoder initialized with image_size=(64, 64), patch_size=2
Effective image_size=64, calculated sequence_length=1280
LinearAttentionDecoder initialized with image_size=(64, 64), patch_size=2
Effective image_size=64, calculated sequence_length=1280
LinearAttentionDecoder initialized with image_size=(64, 64), patch_size=2
Effective image_size=64, calculated sequence_length=1280
LinearAttentionDecoder initialized with image_size=(64, 64), patch_size=2
Effective image_size=64, calculated sequence_length=1280
LinearAttentionDecoder initialized with image_size=(64, 64), patch_size=2
Effective image_size=64, calculated sequence_length=1280
LinearAttentionDecoder initialized with image_size=(64, 64), patch_size=2
Effective image_size=64, calculated sequence_length=1280
LinearAttentionDecoder initialized with image_size=(64, 64), patch_size=2
Effective image_size=64, calculated sequence_length=1280
LinearAttentionDecoder initialized with image_size=(64, 64), patch_size=2
Effective image_size=64, calculated sequence_length=1280
LinearAttentionDecoder initialized with image_size=(64, 64), patch_size=2
Effective image_size=64, calculated sequence_length=1280

Loading checkpoint shards:   0%|          | 0/2 [00:00<?, ?it/s][ALoading pipeline components...:  40%|████      | 2/5 [00:00<00:00,  3.48it/s]An error occurred while trying to fetch /tmp/tmp2ytdvwez/transformer: Error no file named diffusion_pytorch_model.safetensors found in directory /tmp/tmp2ytdvwez/transformer.
Defaulting to unsafe serialization. Pass `allow_pickle=False` to raise an error instead.
LinearAttentionDecoder initialized with image_size=(64, 64), patch_size=2
Effective image_size=64, calculated sequence_length=1280
LinearAttentionDecoder initialized with image_size=(64, 64), patch_size=2
Effective image_size=64, calculated sequence_length=1280
LinearAttentionDecoder initialized with image_size=(64, 64), patch_size=2
Effective image_size=64, calculated sequence_length=1280
LinearAttentionDecoder initialized with image_size=(64, 64), patch_size=2
Effective image_size=64, calculated sequence_length=1280
LinearAttentionDecoder initialized with image_size=(64, 64), patch_size=2
Effective image_size=64, calculated sequence_length=1280
LinearAttentionDecoder initialized with image_size=(64, 64), patch_size=2
Effective image_size=64, calculated sequence_length=1280
LinearAttentionDecoder initialized with image_size=(64, 64), patch_size=2
Effective image_size=64, calculated sequence_length=1280
LinearAttentionDecoder initialized with image_size=(64, 64), patch_size=2
Effective image_size=64, calculated sequence_length=1280
LinearAttentionDecoder initialized with image_size=(64, 64), patch_size=2
Effective image_size=64, calculated sequence_length=1280
LinearAttentionDecoder initialized with image_size=(64, 64), patch_size=2
Effective image_size=64, calculated sequence_length=1280
LinearAttentionDecoder initialized with image_size=(64, 64), patch_size=2
Effective image_size=64, calculated sequence_length=1280
LinearAttentionDecoder initialized with image_size=(64, 64), patch_size=2
Effective image_size=64, calculated sequence_length=1280
LinearAttentionDecoder initialized with image_size=(64, 64), patch_size=2
Effective image_size=64, calculated sequence_length=1280
LinearAttentionDecoder initialized with image_size=(64, 64), patch_size=2
Effective image_size=64, calculated sequence_length=1280
LinearAttentionDecoder initialized with image_size=(64, 64), patch_size=2
Effective image_size=64, calculated sequence_length=1280
LinearAttentionDecoder initialized with image_size=(64, 64), patch_size=2
Effective image_size=64, calculated sequence_length=1280

Loading checkpoint shards:  50%|█████     | 1/2 [00:07<00:07,  7.43s/it][A
Loading checkpoint shards:  50%|█████     | 1/2 [00:07<00:07,  7.21s/it][A
Loading checkpoint shards: 100%|██████████| 2/2 [00:08<00:00,  3.65s/it][ALoading checkpoint shards: 100%|██████████| 2/2 [00:08<00:00,  4.22s/it]
Loading pipeline components...:  20%|██        | 1/5 [00:08<00:34,  8.54s/it]An error occurred while trying to fetch /tmp/tmp4aj5uzgs/transformer: Error no file named diffusion_pytorch_model.safetensors found in directory /tmp/tmp4aj5uzgs/transformer.
Defaulting to unsafe serialization. Pass `allow_pickle=False` to raise an error instead.
LinearAttentionDecoder initialized with image_size=(64, 64), patch_size=2
Effective image_size=64, calculated sequence_length=1280
LinearAttentionDecoder initialized with image_size=(64, 64), patch_size=2
Effective image_size=64, calculated sequence_length=1280
LinearAttentionDecoder initialized with image_size=(64, 64), patch_size=2
Effective image_size=64, calculated sequence_length=1280
LinearAttentionDecoder initialized with image_size=(64, 64), patch_size=2
Effective image_size=64, calculated sequence_length=1280
LinearAttentionDecoder initialized with image_size=(64, 64), patch_size=2
Effective image_size=64, calculated sequence_length=1280
LinearAttentionDecoder initialized with image_size=(64, 64), patch_size=2
Effective image_size=64, calculated sequence_length=1280
LinearAttentionDecoder initialized with image_size=(64, 64), patch_size=2
Effective image_size=64, calculated sequence_length=1280
LinearAttentionDecoder initialized with image_size=(64, 64), patch_size=2
Effective image_size=64, calculated sequence_length=1280
LinearAttentionDecoder initialized with image_size=(64, 64), patch_size=2
Effective image_size=64, calculated sequence_length=1280
LinearAttentionDecoder initialized with image_size=(64, 64), patch_size=2
Effective image_size=64, calculated sequence_length=1280
LinearAttentionDecoder initialized with image_size=(64, 64), patch_size=2
Effective image_size=64, calculated sequence_length=1280
LinearAttentionDecoder initialized with image_size=(64, 64), patch_size=2
Effective image_size=64, calculated sequence_length=1280
LinearAttentionDecoder initialized with image_size=(64, 64), patch_size=2
Effective image_size=64, calculated sequence_length=1280
LinearAttentionDecoder initialized with image_size=(64, 64), patch_size=2
Effective image_size=64, calculated sequence_length=1280
LinearAttentionDecoder initialized with image_size=(64, 64), patch_size=2
Effective image_size=64, calculated sequence_length=1280
LinearAttentionDecoder initialized with image_size=(64, 64), patch_size=2
Effective image_size=64, calculated sequence_length=1280

Loading checkpoint shards: 100%|██████████| 2/2 [00:08<00:00,  3.94s/it][ALoading checkpoint shards: 100%|██████████| 2/2 [00:08<00:00,  4.43s/it]
Loading pipeline components...:  60%|██████    | 3/5 [00:09<00:06,  3.36s/it]An error occurred while trying to fetch /tmp/tmpxtyektnq/transformer: Error no file named diffusion_pytorch_model.safetensors found in directory /tmp/tmpxtyektnq/transformer.
Defaulting to unsafe serialization. Pass `allow_pickle=False` to raise an error instead.
LinearAttentionDecoder initialized with image_size=(64, 64), patch_size=2
Effective image_size=64, calculated sequence_length=1280
LinearAttentionDecoder initialized with image_size=(64, 64), patch_size=2
Effective image_size=64, calculated sequence_length=1280
LinearAttentionDecoder initialized with image_size=(64, 64), patch_size=2
Effective image_size=64, calculated sequence_length=1280
LinearAttentionDecoder initialized with image_size=(64, 64), patch_size=2
Effective image_size=64, calculated sequence_length=1280
LinearAttentionDecoder initialized with image_size=(64, 64), patch_size=2
Effective image_size=64, calculated sequence_length=1280
LinearAttentionDecoder initialized with image_size=(64, 64), patch_size=2
Effective image_size=64, calculated sequence_length=1280
LinearAttentionDecoder initialized with image_size=(64, 64), patch_size=2
Effective image_size=64, calculated sequence_length=1280
LinearAttentionDecoder initialized with image_size=(64, 64), patch_size=2
Effective image_size=64, calculated sequence_length=1280
LinearAttentionDecoder initialized with image_size=(64, 64), patch_size=2
Effective image_size=64, calculated sequence_length=1280
LinearAttentionDecoder initialized with image_size=(64, 64), patch_size=2
Effective image_size=64, calculated sequence_length=1280
LinearAttentionDecoder initialized with image_size=(64, 64), patch_size=2
Effective image_size=64, calculated sequence_length=1280
LinearAttentionDecoder initialized with image_size=(64, 64), patch_size=2
Effective image_size=64, calculated sequence_length=1280
LinearAttentionDecoder initialized with image_size=(64, 64), patch_size=2
Effective image_size=64, calculated sequence_length=1280
LinearAttentionDecoder initialized with image_size=(64, 64), patch_size=2
Effective image_size=64, calculated sequence_length=1280
LinearAttentionDecoder initialized with image_size=(64, 64), patch_size=2
Effective image_size=64, calculated sequence_length=1280
LinearAttentionDecoder initialized with image_size=(64, 64), patch_size=2
Effective image_size=64, calculated sequence_length=1280
Loading pipeline components...:  20%|██        | 1/5 [00:10<00:41, 10.31s/it]Loading pipeline components...:  60%|██████    | 3/5 [00:10<00:05,  2.87s/it]
Loading checkpoint shards:   0%|          | 0/2 [00:00<?, ?it/s][ALoading pipeline components...:  20%|██        | 1/5 [00:10<00:42, 10.69s/it]Loading pipeline components...:  80%|████████  | 4/5 [00:10<00:03,  3.09s/it]
Loading checkpoint shards:   0%|          | 0/2 [00:00<?, ?it/s][A
Loading checkpoint shards:   0%|          | 0/2 [00:00<?, ?it/s][ALoading pipeline components...:  20%|██        | 1/5 [00:10<00:43, 10.98s/it]Loading pipeline components...:  60%|██████    | 3/5 [00:11<00:05,  2.90s/it]Loading pipeline components...:  80%|████████  | 4/5 [00:11<00:03,  3.27s/it]
Loading checkpoint shards:   0%|          | 0/2 [00:00<?, ?it/s][A
Loading checkpoint shards:   0%|          | 0/2 [00:00<?, ?it/s][ALoading pipeline components...:  20%|██        | 1/5 [00:11<00:45, 11.46s/it]Loading pipeline components...:  40%|████      | 2/5 [00:11<00:14,  4.78s/it]
Loading checkpoint shards:   0%|          | 0/2 [00:00<?, ?it/s][ALoading pipeline components...:  40%|████      | 2/5 [00:15<00:22,  7.48s/it]Loading pipeline components...:  80%|████████  | 4/5 [00:15<00:02,  2.96s/it]Loading pipeline components...:  80%|████████  | 4/5 [00:15<00:04,  4.48s/it]Loading pipeline components...: 100%|██████████| 5/5 [00:15<00:00,  3.16s/it]
Loading pipeline components...: 100%|██████████| 5/5 [00:15<00:00,  3.04s/it]Loading pipeline components...: 100%|██████████| 5/5 [00:15<00:00,  3.17s/it]

Loading checkpoint shards:  50%|█████     | 1/2 [00:06<00:06,  6.27s/it][A
Loading checkpoint shards:  50%|█████     | 1/2 [00:06<00:06,  6.41s/it][A
Loading checkpoint shards:  50%|█████     | 1/2 [00:06<00:06,  6.83s/it][A
Loading checkpoint shards:  50%|█████     | 1/2 [00:06<00:06,  6.84s/it][A
Loading checkpoint shards:  50%|█████     | 1/2 [00:06<00:06,  6.97s/it][A[2025-09-30 08:54:19,105] [INFO] [real_accelerator.py:222:get_accelerator] Setting ds_accelerator to cuda (auto detect)
[2025-09-30 08:54:19,244] [INFO] [real_accelerator.py:222:get_accelerator] Setting ds_accelerator to cuda (auto detect)

Loading checkpoint shards:  50%|█████     | 1/2 [00:06<00:06,  6.29s/it][A
Loading checkpoint shards: 100%|██████████| 2/2 [00:07<00:00,  3.35s/it][ALoading checkpoint shards: 100%|██████████| 2/2 [00:07<00:00,  3.88s/it]
Loading pipeline components...:  40%|████      | 2/5 [00:18<00:27,  9.01s/it]Loading pipeline components...: 100%|██████████| 5/5 [00:18<00:00,  2.62s/it]Loading pipeline components...: 100%|██████████| 5/5 [00:18<00:00,  3.75s/it]

Loading checkpoint shards: 100%|██████████| 2/2 [00:07<00:00,  3.53s/it][ALoading checkpoint shards: 100%|██████████| 2/2 [00:07<00:00,  3.96s/it]

Loading checkpoint shards: 100%|██████████| 2/2 [00:07<00:00,  3.53s/it][ALoading checkpoint shards: 100%|██████████| 2/2 [00:07<00:00,  3.94s/it]

Loading checkpoint shards: 100%|██████████| 2/2 [00:08<00:00,  3.71s/it][ALoading checkpoint shards: 100%|██████████| 2/2 [00:08<00:00,  4.18s/it]

Loading checkpoint shards: 100%|██████████| 2/2 [00:07<00:00,  3.30s/it][ALoading checkpoint shards: 100%|██████████| 2/2 [00:07<00:00,  3.75s/it]
Loading pipeline components...: 100%|██████████| 5/5 [00:19<00:00,  4.66s/it]Loading pipeline components...: 100%|██████████| 5/5 [00:19<00:00,  3.82s/it]
Loading pipeline components...: 100%|██████████| 5/5 [00:19<00:00,  4.67s/it]Loading pipeline components...: 100%|██████████| 5/5 [00:19<00:00,  3.82s/it]
Loading pipeline components...:  60%|██████    | 3/5 [00:19<00:12,  6.05s/it]Loading pipeline components...: 100%|██████████| 5/5 [00:19<00:00,  3.49s/it]Loading pipeline components...: 100%|██████████| 5/5 [00:19<00:00,  3.84s/it]
Loading pipeline components...: 100%|██████████| 5/5 [00:19<00:00,  2.68s/it]Loading pipeline components...: 100%|██████████| 5/5 [00:19<00:00,  3.86s/it]

Loading checkpoint shards: 100%|██████████| 2/2 [00:09<00:00,  4.12s/it][ALoading checkpoint shards: 100%|██████████| 2/2 [00:09<00:00,  4.55s/it]
Loading pipeline components...:  80%|████████  | 4/5 [00:20<00:05,  5.05s/it]Loading pipeline components...: 100%|██████████| 5/5 [00:20<00:00,  4.00s/it]
[2025-09-30 08:54:22,656] [INFO] [real_accelerator.py:222:get_accelerator] Setting ds_accelerator to cuda (auto detect)
[2025-09-30 08:54:23,081] [INFO] [real_accelerator.py:222:get_accelerator] Setting ds_accelerator to cuda (auto detect)
[2025-09-30 08:54:23,716] [INFO] [real_accelerator.py:222:get_accelerator] Setting ds_accelerator to cuda (auto detect)
[2025-09-30 08:54:23,993] [INFO] [real_accelerator.py:222:get_accelerator] Setting ds_accelerator to cuda (auto detect)
[2025-09-30 08:54:24,415] [INFO] [real_accelerator.py:222:get_accelerator] Setting ds_accelerator to cuda (auto detect)
[2025-09-30 08:54:25,969] [INFO] [real_accelerator.py:222:get_accelerator] Setting ds_accelerator to cuda (auto detect)
/share/project/wangjiahao/LAR/diffnext/models/vision_transformer_linear_decouple1_kvscale1_high_res.py:68: FutureWarning: `torch.cuda.amp.autocast(args...)` is deprecated. Please use `torch.amp.autocast('cuda', args...)` instead.
  with torch.cuda.amp.autocast(enabled=not use_fp32_attention):
/share/project/wangjiahao/LAR/diffnext/models/vision_transformer_linear_decouple1_kvscale1_high_res.py:68: FutureWarning: `torch.cuda.amp.autocast(args...)` is deprecated. Please use `torch.amp.autocast('cuda', args...)` instead.
  with torch.cuda.amp.autocast(enabled=not use_fp32_attention):
/share/project/wangjiahao/LAR/diffnext/models/vision_transformer_linear_decouple1_kvscale1_high_res.py:68: FutureWarning: `torch.cuda.amp.autocast(args...)` is deprecated. Please use `torch.amp.autocast('cuda', args...)` instead.
  with torch.cuda.amp.autocast(enabled=not use_fp32_attention):
/share/project/wangjiahao/LAR/diffnext/models/vision_transformer_linear_decouple1_kvscale1_high_res.py:68: FutureWarning: `torch.cuda.amp.autocast(args...)` is deprecated. Please use `torch.amp.autocast('cuda', args...)` instead.
  with torch.cuda.amp.autocast(enabled=not use_fp32_attention):
/share/project/wangjiahao/LAR/diffnext/models/vision_transformer_linear_decouple1_kvscale1_high_res.py:68: FutureWarning: `torch.cuda.amp.autocast(args...)` is deprecated. Please use `torch.amp.autocast('cuda', args...)` instead.
  with torch.cuda.amp.autocast(enabled=not use_fp32_attention):
/share/project/wangjiahao/LAR/diffnext/models/vision_transformer_linear_decouple1_kvscale1_high_res.py:133: FutureWarning: `torch.cuda.amp.autocast(args...)` is deprecated. Please use `torch.amp.autocast('cuda', args...)` instead.
  with torch.cuda.amp.autocast(enabled=not use_fp32_attention):
/share/project/wangjiahao/LAR/diffnext/models/vision_transformer_linear_decouple1_kvscale1_high_res.py:133: FutureWarning: `torch.cuda.amp.autocast(args...)` is deprecated. Please use `torch.amp.autocast('cuda', args...)` instead.
  with torch.cuda.amp.autocast(enabled=not use_fp32_attention):
/share/project/wangjiahao/LAR/diffnext/models/vision_transformer_linear_decouple1_kvscale1_high_res.py:133: FutureWarning: `torch.cuda.amp.autocast(args...)` is deprecated. Please use `torch.amp.autocast('cuda', args...)` instead.
  with torch.cuda.amp.autocast(enabled=not use_fp32_attention):
/share/project/wangjiahao/LAR/diffnext/models/vision_transformer_linear_decouple1_kvscale1_high_res.py:133: FutureWarning: `torch.cuda.amp.autocast(args...)` is deprecated. Please use `torch.amp.autocast('cuda', args...)` instead.
  with torch.cuda.amp.autocast(enabled=not use_fp32_attention):
/share/project/wangjiahao/LAR/diffnext/models/vision_transformer_linear_decouple1_kvscale1_high_res.py:133: FutureWarning: `torch.cuda.amp.autocast(args...)` is deprecated. Please use `torch.amp.autocast('cuda', args...)` instead.
  with torch.cuda.amp.autocast(enabled=not use_fp32_attention):
/share/project/wangjiahao/LAR/diffnext/models/vision_transformer_linear_decouple1_kvscale1_high_res.py:68: FutureWarning: `torch.cuda.amp.autocast(args...)` is deprecated. Please use `torch.amp.autocast('cuda', args...)` instead.
  with torch.cuda.amp.autocast(enabled=not use_fp32_attention):
/share/project/wangjiahao/anaconda3/envs/nova3/lib/python3.10/site-packages/torch/utils/checkpoint.py:1399: FutureWarning: `torch.cpu.amp.autocast(args...)` is deprecated. Please use `torch.amp.autocast('cpu', args...)` instead.
  with device_autocast_ctx, torch.cpu.amp.autocast(**cpu_autocast_kwargs), recompute_context:  # type: ignore[attr-defined]
/share/project/wangjiahao/anaconda3/envs/nova3/lib/python3.10/site-packages/torch/utils/checkpoint.py:1399: FutureWarning: `torch.cpu.amp.autocast(args...)` is deprecated. Please use `torch.amp.autocast('cpu', args...)` instead.
  with device_autocast_ctx, torch.cpu.amp.autocast(**cpu_autocast_kwargs), recompute_context:  # type: ignore[attr-defined]
/share/project/wangjiahao/anaconda3/envs/nova3/lib/python3.10/site-packages/torch/utils/checkpoint.py:1399: FutureWarning: `torch.cpu.amp.autocast(args...)` is deprecated. Please use `torch.amp.autocast('cpu', args...)` instead.
  with device_autocast_ctx, torch.cpu.amp.autocast(**cpu_autocast_kwargs), recompute_context:  # type: ignore[attr-defined]
/share/project/wangjiahao/anaconda3/envs/nova3/lib/python3.10/site-packages/torch/utils/checkpoint.py:1399: FutureWarning: `torch.cpu.amp.autocast(args...)` is deprecated. Please use `torch.amp.autocast('cpu', args...)` instead.
  with device_autocast_ctx, torch.cpu.amp.autocast(**cpu_autocast_kwargs), recompute_context:  # type: ignore[attr-defined]
/share/project/wangjiahao/anaconda3/envs/nova3/lib/python3.10/site-packages/torch/utils/checkpoint.py:1399: FutureWarning: `torch.cpu.amp.autocast(args...)` is deprecated. Please use `torch.amp.autocast('cpu', args...)` instead.
  with device_autocast_ctx, torch.cpu.amp.autocast(**cpu_autocast_kwargs), recompute_context:  # type: ignore[attr-defined]
/share/project/wangjiahao/LAR/diffnext/models/vision_transformer_linear_decouple1_kvscale1_high_res.py:133: FutureWarning: `torch.cuda.amp.autocast(args...)` is deprecated. Please use `torch.amp.autocast('cuda', args...)` instead.
  with torch.cuda.amp.autocast(enabled=not use_fp32_attention):
/share/project/wangjiahao/LAR/diffnext/models/vision_transformer_linear_decouple1_kvscale1_high_res.py:68: FutureWarning: `torch.cuda.amp.autocast(args...)` is deprecated. Please use `torch.amp.autocast('cuda', args...)` instead.
  with torch.cuda.amp.autocast(enabled=not use_fp32_attention):
/share/project/wangjiahao/anaconda3/envs/nova3/lib/python3.10/site-packages/torch/utils/checkpoint.py:1399: FutureWarning: `torch.cpu.amp.autocast(args...)` is deprecated. Please use `torch.amp.autocast('cpu', args...)` instead.
  with device_autocast_ctx, torch.cpu.amp.autocast(**cpu_autocast_kwargs), recompute_context:  # type: ignore[attr-defined]
/share/project/wangjiahao/LAR/diffnext/models/vision_transformer_linear_decouple1_kvscale1_high_res.py:133: FutureWarning: `torch.cuda.amp.autocast(args...)` is deprecated. Please use `torch.amp.autocast('cuda', args...)` instead.
  with torch.cuda.amp.autocast(enabled=not use_fp32_attention):
/share/project/wangjiahao/LAR/diffnext/models/vision_transformer_linear_decouple1_kvscale1_high_res.py:68: FutureWarning: `torch.cuda.amp.autocast(args...)` is deprecated. Please use `torch.amp.autocast('cuda', args...)` instead.
  with torch.cuda.amp.autocast(enabled=not use_fp32_attention):
/share/project/wangjiahao/anaconda3/envs/nova3/lib/python3.10/site-packages/torch/utils/checkpoint.py:1399: FutureWarning: `torch.cpu.amp.autocast(args...)` is deprecated. Please use `torch.amp.autocast('cpu', args...)` instead.
  with device_autocast_ctx, torch.cpu.amp.autocast(**cpu_autocast_kwargs), recompute_context:  # type: ignore[attr-defined]
/share/project/wangjiahao/LAR/diffnext/models/vision_transformer_linear_decouple1_kvscale1_high_res.py:133: FutureWarning: `torch.cuda.amp.autocast(args...)` is deprecated. Please use `torch.amp.autocast('cuda', args...)` instead.
  with torch.cuda.amp.autocast(enabled=not use_fp32_attention):
/share/project/wangjiahao/anaconda3/envs/nova3/lib/python3.10/site-packages/torch/utils/checkpoint.py:1399: FutureWarning: `torch.cpu.amp.autocast(args...)` is deprecated. Please use `torch.amp.autocast('cpu', args...)` instead.
  with device_autocast_ctx, torch.cpu.amp.autocast(**cpu_autocast_kwargs), recompute_context:  # type: ignore[attr-defined]
