/share/project/wangjiahao/anaconda3/envs/nova3/lib/python3.10/site-packages/_distutils_hack/__init__.py:53: UserWarning: Reliance on distutils from stdlib is deprecated. Users must rely on setuptools to provide the distutils module. Avoid importing distutils or import setuptools first, and avoid setting SETUPTOOLS_USE_DISTUTILS=stdlib. Register concerns at https://github.com/pypa/setuptools/issues/new?template=distutils-deprecation.yml
  warnings.warn(
2025-10-11 19:28:24.897184: I tensorflow/core/platform/cpu_feature_guard.cc:193] This TensorFlow binary is optimized with oneAPI Deep Neural Network Library (oneDNN) to use the following CPU instructions in performance-critical operations:  AVX2 FMA
To enable them in other operations, rebuild TensorFlow with the appropriate compiler flags.
2025-10-11 19:28:25.396800: E tensorflow/stream_executor/cuda/cuda_blas.cc:2981] Unable to register cuBLAS factory: Attempting to register factory for plugin cuBLAS when one has already been registered
2025-10-11 19:28:27.120554: W tensorflow/stream_executor/platform/default/dso_loader.cc:64] Could not load dynamic library 'libnvinfer.so.7'; dlerror: libnvinfer.so.7: cannot open shared object file: No such file or directory; LD_LIBRARY_PATH: /share/project/wangjiahao/anaconda3/envs/nova3/lib/python3.10/site-packages/cv2/../../lib64:/usr/local/cuda/compat/lib.real:/usr/local/lib/python3.10/dist-packages/torch/lib:/usr/local/lib/python3.10/dist-packages/torch_tensorrt/lib:/usr/local/cuda/compat/lib:/usr/local/nvidia/lib:/usr/local/nvidia/lib64
2025-10-11 19:28:27.120946: W tensorflow/stream_executor/platform/default/dso_loader.cc:64] Could not load dynamic library 'libnvinfer_plugin.so.7'; dlerror: libnvinfer_plugin.so.7: cannot open shared object file: No such file or directory; LD_LIBRARY_PATH: /share/project/wangjiahao/anaconda3/envs/nova3/lib/python3.10/site-packages/cv2/../../lib64:/usr/local/cuda/compat/lib.real:/usr/local/lib/python3.10/dist-packages/torch/lib:/usr/local/lib/python3.10/dist-packages/torch_tensorrt/lib:/usr/local/cuda/compat/lib:/usr/local/nvidia/lib:/usr/local/nvidia/lib64
2025-10-11 19:28:27.120954: W tensorflow/compiler/tf2tensorrt/utils/py_utils.cc:38] TF-TRT Warning: Cannot dlopen some TensorRT libraries. If you would like to use Nvidia GPU with TensorRT, please make sure the missing libraries mentioned above are installed properly.
INFO train_torchrun.py:60] Called with args:
Namespace(cfg='/share/project/wangjiahao/LAR/diffnext/config/t2i/sdxl28m_nova_d48w1536_512px_finetune_nova_v3.yml', exp_dir='exp_dir/t2i/linear_decouple1_kvscale1_w1536_6node_finetune_nova_512px_v3', tensorboard=True, distributed=False, host='', deepspeed='/share/project/wangjiahao/LAR/configs/deepspeed/zero2_bf16.json', num_gpus='8', world_size='6', rank='1', master_ip='job-ead216a2-e2ba-46da-8e87-bae181933456-master-0')
INFO train_torchrun.py:64] Using config:
GPU_ID: 0
MODEL:
  CONFIG: {'image_dim': 4, 'image_size': [512, 512], 'image_stride': 8, 'text_token_dim': 2560, 'text_token_len': 256, 'video_base_size': [1, 16, 16], 'image_base_size': [32, 32], 'arch': ['vit_d16w1536', 'vit_d32w1536', 'mlp_d6w1536']}
  PRECISION: bfloat16
  TYPE: transformer
  WEIGHTS: /share/project/wangjiahao/LAR/pretrained/models.t2i/finetune_nova_d48w1536_512px_v3
NUM_GPUS: 48
PIPELINE:
  MODULES: {'scheduler': '/share/project/panting/mm_ckpt/nova_shared/scheduler/flow', 'text_encoder': '/share/project/panting/mm_ckpt/nova_shared/text_encoder/phi2', 'tokenizer': '/share/project/panting/mm_ckpt/nova_shared/tokenizer/phi2', 'vae': '/share/project/panting/mm_ckpt/nova_shared/vae/sdxl', 'model_index': '/share/project/wangjiahao/LAR/diffnext/model_index/linear/t2i/linear_decouple1_kvscale1_high_res_flow_sdxl_phi2_nova.json'}
  TYPE: nova_train_t2i
RNG_SEED: 3
SOLVER:
  ACCUM_STEPS: 1
  ADAM_BETA2: 0.95
  BASE_LR: 0.0001
  DECAY_GAMMA: 0.5
  DECAY_STEPS: []
  DISPLAY: 20
  EMA_EVERY: 100
  LR_POLICY: 
  MAX_STEPS: 2500000
  MIN_LR: 0.0
  OPTIMIZER: AdamW
  SNAPSHOT_EVERY: 5000
  SNAPSHOT_PREFIX: sdxl28m_nova_d48w1536_256px
  WARM_UP_FACTOR: 0.001
  WARM_UP_STEPS: 10000
  WEIGHT_DECAY: 0.02
TRAIN:
  BATCH_SIZE: 4
  CHECKPOINTING: 2
  DATASET: /share/project/panting/share_datasets/emu3_sdxl512_train28m
  DATASET2: 
  DEVICE_EMA: gpu
  LOADER: vae_train
  LOSS_REPEAT: 4
  MODEL_EMA: 0.99
  NUM_THREADS: 8
W1011 19:28:36.986000 139651299993408 torch/distributed/run.py:779] 
W1011 19:28:36.986000 139651299993408 torch/distributed/run.py:779] *****************************************
W1011 19:28:36.986000 139651299993408 torch/distributed/run.py:779] Setting OMP_NUM_THREADS environment variable for each process to be 1 in default, to avoid your system being overloaded, please further tune the variable for optimal performance in your application as needed. 
W1011 19:28:36.986000 139651299993408 torch/distributed/run.py:779] *****************************************
/share/project/wangjiahao/anaconda3/envs/nova3/lib/python3.10/site-packages/_distutils_hack/__init__.py:53: UserWarning: Reliance on distutils from stdlib is deprecated. Users must rely on setuptools to provide the distutils module. Avoid importing distutils or import setuptools first, and avoid setting SETUPTOOLS_USE_DISTUTILS=stdlib. Register concerns at https://github.com/pypa/setuptools/issues/new?template=distutils-deprecation.yml
  warnings.warn(
/share/project/wangjiahao/anaconda3/envs/nova3/lib/python3.10/site-packages/_distutils_hack/__init__.py:53: UserWarning: Reliance on distutils from stdlib is deprecated. Users must rely on setuptools to provide the distutils module. Avoid importing distutils or import setuptools first, and avoid setting SETUPTOOLS_USE_DISTUTILS=stdlib. Register concerns at https://github.com/pypa/setuptools/issues/new?template=distutils-deprecation.yml
  warnings.warn(
/share/project/wangjiahao/anaconda3/envs/nova3/lib/python3.10/site-packages/_distutils_hack/__init__.py:53: UserWarning: Reliance on distutils from stdlib is deprecated. Users must rely on setuptools to provide the distutils module. Avoid importing distutils or import setuptools first, and avoid setting SETUPTOOLS_USE_DISTUTILS=stdlib. Register concerns at https://github.com/pypa/setuptools/issues/new?template=distutils-deprecation.yml
  warnings.warn(
/share/project/wangjiahao/anaconda3/envs/nova3/lib/python3.10/site-packages/_distutils_hack/__init__.py:53: UserWarning: Reliance on distutils from stdlib is deprecated. Users must rely on setuptools to provide the distutils module. Avoid importing distutils or import setuptools first, and avoid setting SETUPTOOLS_USE_DISTUTILS=stdlib. Register concerns at https://github.com/pypa/setuptools/issues/new?template=distutils-deprecation.yml
  warnings.warn(
/share/project/wangjiahao/anaconda3/envs/nova3/lib/python3.10/site-packages/_distutils_hack/__init__.py:53: UserWarning: Reliance on distutils from stdlib is deprecated. Users must rely on setuptools to provide the distutils module. Avoid importing distutils or import setuptools first, and avoid setting SETUPTOOLS_USE_DISTUTILS=stdlib. Register concerns at https://github.com/pypa/setuptools/issues/new?template=distutils-deprecation.yml
  warnings.warn(
/share/project/wangjiahao/anaconda3/envs/nova3/lib/python3.10/site-packages/_distutils_hack/__init__.py:53: UserWarning: Reliance on distutils from stdlib is deprecated. Users must rely on setuptools to provide the distutils module. Avoid importing distutils or import setuptools first, and avoid setting SETUPTOOLS_USE_DISTUTILS=stdlib. Register concerns at https://github.com/pypa/setuptools/issues/new?template=distutils-deprecation.yml
  warnings.warn(
/share/project/wangjiahao/anaconda3/envs/nova3/lib/python3.10/site-packages/_distutils_hack/__init__.py:53: UserWarning: Reliance on distutils from stdlib is deprecated. Users must rely on setuptools to provide the distutils module. Avoid importing distutils or import setuptools first, and avoid setting SETUPTOOLS_USE_DISTUTILS=stdlib. Register concerns at https://github.com/pypa/setuptools/issues/new?template=distutils-deprecation.yml
  warnings.warn(
/share/project/wangjiahao/anaconda3/envs/nova3/lib/python3.10/site-packages/_distutils_hack/__init__.py:53: UserWarning: Reliance on distutils from stdlib is deprecated. Users must rely on setuptools to provide the distutils module. Avoid importing distutils or import setuptools first, and avoid setting SETUPTOOLS_USE_DISTUTILS=stdlib. Register concerns at https://github.com/pypa/setuptools/issues/new?template=distutils-deprecation.yml
  warnings.warn(
2025-10-11 19:30:06.517640: I tensorflow/core/platform/cpu_feature_guard.cc:193] This TensorFlow binary is optimized with oneAPI Deep Neural Network Library (oneDNN) to use the following CPU instructions in performance-critical operations:  AVX2 FMA
To enable them in other operations, rebuild TensorFlow with the appropriate compiler flags.
2025-10-11 19:30:06.517640: I tensorflow/core/platform/cpu_feature_guard.cc:193] This TensorFlow binary is optimized with oneAPI Deep Neural Network Library (oneDNN) to use the following CPU instructions in performance-critical operations:  AVX2 FMA
To enable them in other operations, rebuild TensorFlow with the appropriate compiler flags.
2025-10-11 19:30:06.517655: I tensorflow/core/platform/cpu_feature_guard.cc:193] This TensorFlow binary is optimized with oneAPI Deep Neural Network Library (oneDNN) to use the following CPU instructions in performance-critical operations:  AVX2 FMA
To enable them in other operations, rebuild TensorFlow with the appropriate compiler flags.
2025-10-11 19:30:06.517742: I tensorflow/core/platform/cpu_feature_guard.cc:193] This TensorFlow binary is optimized with oneAPI Deep Neural Network Library (oneDNN) to use the following CPU instructions in performance-critical operations:  AVX2 FMA
To enable them in other operations, rebuild TensorFlow with the appropriate compiler flags.
2025-10-11 19:30:06.517750: I tensorflow/core/platform/cpu_feature_guard.cc:193] This TensorFlow binary is optimized with oneAPI Deep Neural Network Library (oneDNN) to use the following CPU instructions in performance-critical operations:  AVX2 FMA
To enable them in other operations, rebuild TensorFlow with the appropriate compiler flags.
2025-10-11 19:30:06.517777: I tensorflow/core/platform/cpu_feature_guard.cc:193] This TensorFlow binary is optimized with oneAPI Deep Neural Network Library (oneDNN) to use the following CPU instructions in performance-critical operations:  AVX2 FMA
To enable them in other operations, rebuild TensorFlow with the appropriate compiler flags.
2025-10-11 19:30:06.517849: I tensorflow/core/platform/cpu_feature_guard.cc:193] This TensorFlow binary is optimized with oneAPI Deep Neural Network Library (oneDNN) to use the following CPU instructions in performance-critical operations:  AVX2 FMA
To enable them in other operations, rebuild TensorFlow with the appropriate compiler flags.
2025-10-11 19:30:06.517886: I tensorflow/core/platform/cpu_feature_guard.cc:193] This TensorFlow binary is optimized with oneAPI Deep Neural Network Library (oneDNN) to use the following CPU instructions in performance-critical operations:  AVX2 FMA
To enable them in other operations, rebuild TensorFlow with the appropriate compiler flags.
2025-10-11 19:30:06.756774: E tensorflow/stream_executor/cuda/cuda_blas.cc:2981] Unable to register cuBLAS factory: Attempting to register factory for plugin cuBLAS when one has already been registered
2025-10-11 19:30:06.756818: E tensorflow/stream_executor/cuda/cuda_blas.cc:2981] Unable to register cuBLAS factory: Attempting to register factory for plugin cuBLAS when one has already been registered
2025-10-11 19:30:06.756996: E tensorflow/stream_executor/cuda/cuda_blas.cc:2981] Unable to register cuBLAS factory: Attempting to register factory for plugin cuBLAS when one has already been registered
2025-10-11 19:30:06.757085: E tensorflow/stream_executor/cuda/cuda_blas.cc:2981] Unable to register cuBLAS factory: Attempting to register factory for plugin cuBLAS when one has already been registered
2025-10-11 19:30:06.757089: E tensorflow/stream_executor/cuda/cuda_blas.cc:2981] Unable to register cuBLAS factory: Attempting to register factory for plugin cuBLAS when one has already been registered
2025-10-11 19:30:06.757335: E tensorflow/stream_executor/cuda/cuda_blas.cc:2981] Unable to register cuBLAS factory: Attempting to register factory for plugin cuBLAS when one has already been registered
2025-10-11 19:30:06.757417: E tensorflow/stream_executor/cuda/cuda_blas.cc:2981] Unable to register cuBLAS factory: Attempting to register factory for plugin cuBLAS when one has already been registered
2025-10-11 19:30:06.759046: E tensorflow/stream_executor/cuda/cuda_blas.cc:2981] Unable to register cuBLAS factory: Attempting to register factory for plugin cuBLAS when one has already been registered
2025-10-11 19:30:08.950990: W tensorflow/stream_executor/platform/default/dso_loader.cc:64] Could not load dynamic library 'libnvinfer.so.7'; dlerror: libnvinfer.so.7: cannot open shared object file: No such file or directory; LD_LIBRARY_PATH: /share/project/wangjiahao/anaconda3/envs/nova3/lib/python3.10/site-packages/cv2/../../lib64:/share/project/wangjiahao/anaconda3/envs/nova3/lib/python3.10/site-packages/cv2/../../lib64:/usr/local/cuda/compat/lib.real:/usr/local/lib/python3.10/dist-packages/torch/lib:/usr/local/lib/python3.10/dist-packages/torch_tensorrt/lib:/usr/local/cuda/compat/lib:/usr/local/nvidia/lib:/usr/local/nvidia/lib64
2025-10-11 19:30:08.951061: W tensorflow/stream_executor/platform/default/dso_loader.cc:64] Could not load dynamic library 'libnvinfer.so.7'; dlerror: libnvinfer.so.7: cannot open shared object file: No such file or directory; LD_LIBRARY_PATH: /share/project/wangjiahao/anaconda3/envs/nova3/lib/python3.10/site-packages/cv2/../../lib64:/share/project/wangjiahao/anaconda3/envs/nova3/lib/python3.10/site-packages/cv2/../../lib64:/usr/local/cuda/compat/lib.real:/usr/local/lib/python3.10/dist-packages/torch/lib:/usr/local/lib/python3.10/dist-packages/torch_tensorrt/lib:/usr/local/cuda/compat/lib:/usr/local/nvidia/lib:/usr/local/nvidia/lib64
2025-10-11 19:30:08.951433: W tensorflow/stream_executor/platform/default/dso_loader.cc:64] Could not load dynamic library 'libnvinfer_plugin.so.7'; dlerror: libnvinfer_plugin.so.7: cannot open shared object file: No such file or directory; LD_LIBRARY_PATH: /share/project/wangjiahao/anaconda3/envs/nova3/lib/python3.10/site-packages/cv2/../../lib64:/share/project/wangjiahao/anaconda3/envs/nova3/lib/python3.10/site-packages/cv2/../../lib64:/usr/local/cuda/compat/lib.real:/usr/local/lib/python3.10/dist-packages/torch/lib:/usr/local/lib/python3.10/dist-packages/torch_tensorrt/lib:/usr/local/cuda/compat/lib:/usr/local/nvidia/lib:/usr/local/nvidia/lib64
2025-10-11 19:30:08.951447: W tensorflow/stream_executor/platform/default/dso_loader.cc:64] Could not load dynamic library 'libnvinfer_plugin.so.7'; dlerror: libnvinfer_plugin.so.7: cannot open shared object file: No such file or directory; LD_LIBRARY_PATH: /share/project/wangjiahao/anaconda3/envs/nova3/lib/python3.10/site-packages/cv2/../../lib64:/share/project/wangjiahao/anaconda3/envs/nova3/lib/python3.10/site-packages/cv2/../../lib64:/usr/local/cuda/compat/lib.real:/usr/local/lib/python3.10/dist-packages/torch/lib:/usr/local/lib/python3.10/dist-packages/torch_tensorrt/lib:/usr/local/cuda/compat/lib:/usr/local/nvidia/lib:/usr/local/nvidia/lib64
2025-10-11 19:30:08.951449: W tensorflow/compiler/tf2tensorrt/utils/py_utils.cc:38] TF-TRT Warning: Cannot dlopen some TensorRT libraries. If you would like to use Nvidia GPU with TensorRT, please make sure the missing libraries mentioned above are installed properly.
2025-10-11 19:30:08.951455: W tensorflow/compiler/tf2tensorrt/utils/py_utils.cc:38] TF-TRT Warning: Cannot dlopen some TensorRT libraries. If you would like to use Nvidia GPU with TensorRT, please make sure the missing libraries mentioned above are installed properly.
2025-10-11 19:30:08.954332: W tensorflow/stream_executor/platform/default/dso_loader.cc:64] Could not load dynamic library 'libnvinfer.so.7'; dlerror: libnvinfer.so.7: cannot open shared object file: No such file or directory; LD_LIBRARY_PATH: /share/project/wangjiahao/anaconda3/envs/nova3/lib/python3.10/site-packages/cv2/../../lib64:/share/project/wangjiahao/anaconda3/envs/nova3/lib/python3.10/site-packages/cv2/../../lib64:/usr/local/cuda/compat/lib.real:/usr/local/lib/python3.10/dist-packages/torch/lib:/usr/local/lib/python3.10/dist-packages/torch_tensorrt/lib:/usr/local/cuda/compat/lib:/usr/local/nvidia/lib:/usr/local/nvidia/lib64
2025-10-11 19:30:08.954406: W tensorflow/stream_executor/platform/default/dso_loader.cc:64] Could not load dynamic library 'libnvinfer.so.7'; dlerror: libnvinfer.so.7: cannot open shared object file: No such file or directory; LD_LIBRARY_PATH: /share/project/wangjiahao/anaconda3/envs/nova3/lib/python3.10/site-packages/cv2/../../lib64:/share/project/wangjiahao/anaconda3/envs/nova3/lib/python3.10/site-packages/cv2/../../lib64:/usr/local/cuda/compat/lib.real:/usr/local/lib/python3.10/dist-packages/torch/lib:/usr/local/lib/python3.10/dist-packages/torch_tensorrt/lib:/usr/local/cuda/compat/lib:/usr/local/nvidia/lib:/usr/local/nvidia/lib64
2025-10-11 19:30:08.954437: W tensorflow/stream_executor/platform/default/dso_loader.cc:64] Could not load dynamic library 'libnvinfer_plugin.so.7'; dlerror: libnvinfer_plugin.so.7: cannot open shared object file: No such file or directory; LD_LIBRARY_PATH: /share/project/wangjiahao/anaconda3/envs/nova3/lib/python3.10/site-packages/cv2/../../lib64:/share/project/wangjiahao/anaconda3/envs/nova3/lib/python3.10/site-packages/cv2/../../lib64:/usr/local/cuda/compat/lib.real:/usr/local/lib/python3.10/dist-packages/torch/lib:/usr/local/lib/python3.10/dist-packages/torch_tensorrt/lib:/usr/local/cuda/compat/lib:/usr/local/nvidia/lib:/usr/local/nvidia/lib64
2025-10-11 19:30:08.954443: W tensorflow/compiler/tf2tensorrt/utils/py_utils.cc:38] TF-TRT Warning: Cannot dlopen some TensorRT libraries. If you would like to use Nvidia GPU with TensorRT, please make sure the missing libraries mentioned above are installed properly.
2025-10-11 19:30:08.954500: W tensorflow/stream_executor/platform/default/dso_loader.cc:64] Could not load dynamic library 'libnvinfer_plugin.so.7'; dlerror: libnvinfer_plugin.so.7: cannot open shared object file: No such file or directory; LD_LIBRARY_PATH: /share/project/wangjiahao/anaconda3/envs/nova3/lib/python3.10/site-packages/cv2/../../lib64:/share/project/wangjiahao/anaconda3/envs/nova3/lib/python3.10/site-packages/cv2/../../lib64:/usr/local/cuda/compat/lib.real:/usr/local/lib/python3.10/dist-packages/torch/lib:/usr/local/lib/python3.10/dist-packages/torch_tensorrt/lib:/usr/local/cuda/compat/lib:/usr/local/nvidia/lib:/usr/local/nvidia/lib64
2025-10-11 19:30:08.954506: W tensorflow/compiler/tf2tensorrt/utils/py_utils.cc:38] TF-TRT Warning: Cannot dlopen some TensorRT libraries. If you would like to use Nvidia GPU with TensorRT, please make sure the missing libraries mentioned above are installed properly.
2025-10-11 19:30:08.963405: W tensorflow/stream_executor/platform/default/dso_loader.cc:64] Could not load dynamic library 'libnvinfer.so.7'; dlerror: libnvinfer.so.7: cannot open shared object file: No such file or directory; LD_LIBRARY_PATH: /share/project/wangjiahao/anaconda3/envs/nova3/lib/python3.10/site-packages/cv2/../../lib64:/share/project/wangjiahao/anaconda3/envs/nova3/lib/python3.10/site-packages/cv2/../../lib64:/usr/local/cuda/compat/lib.real:/usr/local/lib/python3.10/dist-packages/torch/lib:/usr/local/lib/python3.10/dist-packages/torch_tensorrt/lib:/usr/local/cuda/compat/lib:/usr/local/nvidia/lib:/usr/local/nvidia/lib64
2025-10-11 19:30:08.963491: W tensorflow/stream_executor/platform/default/dso_loader.cc:64] Could not load dynamic library 'libnvinfer_plugin.so.7'; dlerror: libnvinfer_plugin.so.7: cannot open shared object file: No such file or directory; LD_LIBRARY_PATH: /share/project/wangjiahao/anaconda3/envs/nova3/lib/python3.10/site-packages/cv2/../../lib64:/share/project/wangjiahao/anaconda3/envs/nova3/lib/python3.10/site-packages/cv2/../../lib64:/usr/local/cuda/compat/lib.real:/usr/local/lib/python3.10/dist-packages/torch/lib:/usr/local/lib/python3.10/dist-packages/torch_tensorrt/lib:/usr/local/cuda/compat/lib:/usr/local/nvidia/lib:/usr/local/nvidia/lib64
2025-10-11 19:30:08.963498: W tensorflow/compiler/tf2tensorrt/utils/py_utils.cc:38] TF-TRT Warning: Cannot dlopen some TensorRT libraries. If you would like to use Nvidia GPU with TensorRT, please make sure the missing libraries mentioned above are installed properly.
2025-10-11 19:30:08.973324: W tensorflow/stream_executor/platform/default/dso_loader.cc:64] Could not load dynamic library 'libnvinfer.so.7'; dlerror: libnvinfer.so.7: cannot open shared object file: No such file or directory; LD_LIBRARY_PATH: /share/project/wangjiahao/anaconda3/envs/nova3/lib/python3.10/site-packages/cv2/../../lib64:/share/project/wangjiahao/anaconda3/envs/nova3/lib/python3.10/site-packages/cv2/../../lib64:/usr/local/cuda/compat/lib.real:/usr/local/lib/python3.10/dist-packages/torch/lib:/usr/local/lib/python3.10/dist-packages/torch_tensorrt/lib:/usr/local/cuda/compat/lib:/usr/local/nvidia/lib:/usr/local/nvidia/lib64
2025-10-11 19:30:08.973394: W tensorflow/stream_executor/platform/default/dso_loader.cc:64] Could not load dynamic library 'libnvinfer.so.7'; dlerror: libnvinfer.so.7: cannot open shared object file: No such file or directory; LD_LIBRARY_PATH: /share/project/wangjiahao/anaconda3/envs/nova3/lib/python3.10/site-packages/cv2/../../lib64:/share/project/wangjiahao/anaconda3/envs/nova3/lib/python3.10/site-packages/cv2/../../lib64:/usr/local/cuda/compat/lib.real:/usr/local/lib/python3.10/dist-packages/torch/lib:/usr/local/lib/python3.10/dist-packages/torch_tensorrt/lib:/usr/local/cuda/compat/lib:/usr/local/nvidia/lib:/usr/local/nvidia/lib64
2025-10-11 19:30:08.973392: W tensorflow/stream_executor/platform/default/dso_loader.cc:64] Could not load dynamic library 'libnvinfer.so.7'; dlerror: libnvinfer.so.7: cannot open shared object file: No such file or directory; LD_LIBRARY_PATH: /share/project/wangjiahao/anaconda3/envs/nova3/lib/python3.10/site-packages/cv2/../../lib64:/share/project/wangjiahao/anaconda3/envs/nova3/lib/python3.10/site-packages/cv2/../../lib64:/usr/local/cuda/compat/lib.real:/usr/local/lib/python3.10/dist-packages/torch/lib:/usr/local/lib/python3.10/dist-packages/torch_tensorrt/lib:/usr/local/cuda/compat/lib:/usr/local/nvidia/lib:/usr/local/nvidia/lib64
2025-10-11 19:30:08.973405: W tensorflow/stream_executor/platform/default/dso_loader.cc:64] Could not load dynamic library 'libnvinfer_plugin.so.7'; dlerror: libnvinfer_plugin.so.7: cannot open shared object file: No such file or directory; LD_LIBRARY_PATH: /share/project/wangjiahao/anaconda3/envs/nova3/lib/python3.10/site-packages/cv2/../../lib64:/share/project/wangjiahao/anaconda3/envs/nova3/lib/python3.10/site-packages/cv2/../../lib64:/usr/local/cuda/compat/lib.real:/usr/local/lib/python3.10/dist-packages/torch/lib:/usr/local/lib/python3.10/dist-packages/torch_tensorrt/lib:/usr/local/cuda/compat/lib:/usr/local/nvidia/lib:/usr/local/nvidia/lib64
2025-10-11 19:30:08.973413: W tensorflow/compiler/tf2tensorrt/utils/py_utils.cc:38] TF-TRT Warning: Cannot dlopen some TensorRT libraries. If you would like to use Nvidia GPU with TensorRT, please make sure the missing libraries mentioned above are installed properly.
2025-10-11 19:30:08.973492: W tensorflow/stream_executor/platform/default/dso_loader.cc:64] Could not load dynamic library 'libnvinfer_plugin.so.7'; dlerror: libnvinfer_plugin.so.7: cannot open shared object file: No such file or directory; LD_LIBRARY_PATH: /share/project/wangjiahao/anaconda3/envs/nova3/lib/python3.10/site-packages/cv2/../../lib64:/share/project/wangjiahao/anaconda3/envs/nova3/lib/python3.10/site-packages/cv2/../../lib64:/usr/local/cuda/compat/lib.real:/usr/local/lib/python3.10/dist-packages/torch/lib:/usr/local/lib/python3.10/dist-packages/torch_tensorrt/lib:/usr/local/cuda/compat/lib:/usr/local/nvidia/lib:/usr/local/nvidia/lib64
2025-10-11 19:30:08.973500: W tensorflow/compiler/tf2tensorrt/utils/py_utils.cc:38] TF-TRT Warning: Cannot dlopen some TensorRT libraries. If you would like to use Nvidia GPU with TensorRT, please make sure the missing libraries mentioned above are installed properly.
2025-10-11 19:30:08.973504: W tensorflow/stream_executor/platform/default/dso_loader.cc:64] Could not load dynamic library 'libnvinfer_plugin.so.7'; dlerror: libnvinfer_plugin.so.7: cannot open shared object file: No such file or directory; LD_LIBRARY_PATH: /share/project/wangjiahao/anaconda3/envs/nova3/lib/python3.10/site-packages/cv2/../../lib64:/share/project/wangjiahao/anaconda3/envs/nova3/lib/python3.10/site-packages/cv2/../../lib64:/usr/local/cuda/compat/lib.real:/usr/local/lib/python3.10/dist-packages/torch/lib:/usr/local/lib/python3.10/dist-packages/torch_tensorrt/lib:/usr/local/cuda/compat/lib:/usr/local/nvidia/lib:/usr/local/nvidia/lib64
2025-10-11 19:30:08.973512: W tensorflow/compiler/tf2tensorrt/utils/py_utils.cc:38] TF-TRT Warning: Cannot dlopen some TensorRT libraries. If you would like to use Nvidia GPU with TensorRT, please make sure the missing libraries mentioned above are installed properly.
Loading pipeline components...:   0%|          | 0/5 [00:00<?, ?it/s]
Loading checkpoint shards:   0%|          | 0/2 [00:00<?, ?it/s][ALoading pipeline components...:   0%|          | 0/5 [00:00<?, ?it/s]Loading pipeline components...:   0%|          | 0/5 [00:00<?, ?it/s]An error occurred while trying to fetch /tmp/tmplgmpkd6r/transformer: Error no file named diffusion_pytorch_model.safetensors found in directory /tmp/tmplgmpkd6r/transformer.
Defaulting to unsafe serialization. Pass `allow_pickle=False` to raise an error instead.
An error occurred while trying to fetch /tmp/tmpvrt4mlhx/transformer: Error no file named diffusion_pytorch_model.safetensors found in directory /tmp/tmpvrt4mlhx/transformer.
Defaulting to unsafe serialization. Pass `allow_pickle=False` to raise an error instead.
Loading pipeline components...:   0%|          | 0/5 [00:00<?, ?it/s]LinearAttentionDecoder initialized with image_size=(64, 64), patch_size=2
Effective image_size=64, calculated sequence_length=1280
LinearAttentionDecoder initialized with image_size=(64, 64), patch_size=2
Effective image_size=64, calculated sequence_length=1280
LinearAttentionDecoder initialized with image_size=(64, 64), patch_size=2
Effective image_size=64, calculated sequence_length=1280
Loading pipeline components...:   0%|          | 0/5 [00:00<?, ?it/s]LinearAttentionDecoder initialized with image_size=(64, 64), patch_size=2
Effective image_size=64, calculated sequence_length=1280
LinearAttentionDecoder initialized with image_size=(64, 64), patch_size=2
Effective image_size=64, calculated sequence_length=1280
Loading pipeline components...:   0%|          | 0/5 [00:00<?, ?it/s]LinearAttentionDecoder initialized with image_size=(64, 64), patch_size=2
Effective image_size=64, calculated sequence_length=1280
LinearAttentionDecoder initialized with image_size=(64, 64), patch_size=2
Effective image_size=64, calculated sequence_length=1280
Loading pipeline components...:   0%|          | 0/5 [00:00<?, ?it/s]LinearAttentionDecoder initialized with image_size=(64, 64), patch_size=2
Loading pipeline components...:   0%|          | 0/5 [00:00<?, ?it/s]Effective image_size=64, calculated sequence_length=1280
LinearAttentionDecoder initialized with image_size=(64, 64), patch_size=2
Effective image_size=64, calculated sequence_length=1280
LinearAttentionDecoder initialized with image_size=(64, 64), patch_size=2
Effective image_size=64, calculated sequence_length=1280
LinearAttentionDecoder initialized with image_size=(64, 64), patch_size=2
Effective image_size=64, calculated sequence_length=1280
LinearAttentionDecoder initialized with image_size=(64, 64), patch_size=2
Effective image_size=64, calculated sequence_length=1280
LinearAttentionDecoder initialized with image_size=(64, 64), patch_size=2
Effective image_size=64, calculated sequence_length=1280
LinearAttentionDecoder initialized with image_size=(64, 64), patch_size=2
Effective image_size=64, calculated sequence_length=1280
LinearAttentionDecoder initialized with image_size=(64, 64), patch_size=2
LinearAttentionDecoder initialized with image_size=(64, 64), patch_size=2
Effective image_size=64, calculated sequence_length=1280
Effective image_size=64, calculated sequence_length=1280
LinearAttentionDecoder initialized with image_size=(64, 64), patch_size=2LinearAttentionDecoder initialized with image_size=(64, 64), patch_size=2

Effective image_size=64, calculated sequence_length=1280
Effective image_size=64, calculated sequence_length=1280
LinearAttentionDecoder initialized with image_size=(64, 64), patch_size=2
Effective image_size=64, calculated sequence_length=1280
LinearAttentionDecoder initialized with image_size=(64, 64), patch_size=2
Effective image_size=64, calculated sequence_length=1280
LinearAttentionDecoder initialized with image_size=(64, 64), patch_size=2
Effective image_size=64, calculated sequence_length=1280
LinearAttentionDecoder initialized with image_size=(64, 64), patch_size=2
Effective image_size=64, calculated sequence_length=1280
LinearAttentionDecoder initialized with image_size=(64, 64), patch_size=2
Effective image_size=64, calculated sequence_length=1280
LinearAttentionDecoder initialized with image_size=(64, 64), patch_size=2
Effective image_size=64, calculated sequence_length=1280
LinearAttentionDecoder initialized with image_size=(64, 64), patch_size=2
Effective image_size=64, calculated sequence_length=1280
LinearAttentionDecoder initialized with image_size=(64, 64), patch_size=2
Effective image_size=64, calculated sequence_length=1280
LinearAttentionDecoder initialized with image_size=(64, 64), patch_size=2
Effective image_size=64, calculated sequence_length=1280
LinearAttentionDecoder initialized with image_size=(64, 64), patch_size=2
Effective image_size=64, calculated sequence_length=1280
LinearAttentionDecoder initialized with image_size=(64, 64), patch_size=2
Effective image_size=64, calculated sequence_length=1280
LinearAttentionDecoder initialized with image_size=(64, 64), patch_size=2
Effective image_size=64, calculated sequence_length=1280
LinearAttentionDecoder initialized with image_size=(64, 64), patch_size=2
Effective image_size=64, calculated sequence_length=1280
LinearAttentionDecoder initialized with image_size=(64, 64), patch_size=2
Effective image_size=64, calculated sequence_length=1280
Loading pipeline components...:  40%|████      | 2/5 [00:00<00:00, 18.32it/s]Loading pipeline components...:  20%|██        | 1/5 [00:00<00:00,  9.20it/s]Loading pipeline components...:  40%|████      | 2/5 [00:00<00:00, 17.34it/s]Loading pipeline components...:  20%|██        | 1/5 [00:00<00:00,  8.29it/s]Loading pipeline components...:  20%|██        | 1/5 [00:00<00:00,  6.95it/s]An error occurred while trying to fetch /tmp/tmphh4kn4e5/transformer: Error no file named diffusion_pytorch_model.safetensors found in directory /tmp/tmphh4kn4e5/transformer.
Defaulting to unsafe serialization. Pass `allow_pickle=False` to raise an error instead.
An error occurred while trying to fetch /tmp/tmpw0ttty3j/transformer: Error no file named diffusion_pytorch_model.safetensors found in directory /tmp/tmpw0ttty3j/transformer.
Defaulting to unsafe serialization. Pass `allow_pickle=False` to raise an error instead.
An error occurred while trying to fetch /tmp/tmptku674vo/transformer: Error no file named diffusion_pytorch_model.safetensors found in directory /tmp/tmptku674vo/transformer.
Defaulting to unsafe serialization. Pass `allow_pickle=False` to raise an error instead.
LinearAttentionDecoder initialized with image_size=(64, 64), patch_size=2
LinearAttentionDecoder initialized with image_size=(64, 64), patch_size=2
Effective image_size=64, calculated sequence_length=1280
Effective image_size=64, calculated sequence_length=1280
LinearAttentionDecoder initialized with image_size=(64, 64), patch_size=2
Effective image_size=64, calculated sequence_length=1280
LinearAttentionDecoder initialized with image_size=(64, 64), patch_size=2
Effective image_size=64, calculated sequence_length=1280
LinearAttentionDecoder initialized with image_size=(64, 64), patch_size=2
Effective image_size=64, calculated sequence_length=1280
LinearAttentionDecoder initialized with image_size=(64, 64), patch_size=2
Effective image_size=64, calculated sequence_length=1280
LinearAttentionDecoder initialized with image_size=(64, 64), patch_size=2
Effective image_size=64, calculated sequence_length=1280LinearAttentionDecoder initialized with image_size=(64, 64), patch_size=2

Effective image_size=64, calculated sequence_length=1280
LinearAttentionDecoder initialized with image_size=(64, 64), patch_size=2
Effective image_size=64, calculated sequence_length=1280
LinearAttentionDecoder initialized with image_size=(64, 64), patch_size=2
Effective image_size=64, calculated sequence_length=1280
LinearAttentionDecoder initialized with image_size=(64, 64), patch_size=2
Effective image_size=64, calculated sequence_length=1280
LinearAttentionDecoder initialized with image_size=(64, 64), patch_size=2
Effective image_size=64, calculated sequence_length=1280
LinearAttentionDecoder initialized with image_size=(64, 64), patch_size=2
Effective image_size=64, calculated sequence_length=1280
LinearAttentionDecoder initialized with image_size=(64, 64), patch_size=2
LinearAttentionDecoder initialized with image_size=(64, 64), patch_size=2
Effective image_size=64, calculated sequence_length=1280
LinearAttentionDecoder initialized with image_size=(64, 64), patch_size=2
Effective image_size=64, calculated sequence_length=1280
Effective image_size=64, calculated sequence_length=1280
LinearAttentionDecoder initialized with image_size=(64, 64), patch_size=2
Effective image_size=64, calculated sequence_length=1280
LinearAttentionDecoder initialized with image_size=(64, 64), patch_size=2
Effective image_size=64, calculated sequence_length=1280
LinearAttentionDecoder initialized with image_size=(64, 64), patch_size=2
LinearAttentionDecoder initialized with image_size=(64, 64), patch_size=2
Effective image_size=64, calculated sequence_length=1280
LinearAttentionDecoder initialized with image_size=(64, 64), patch_size=2
Effective image_size=64, calculated sequence_length=1280
LinearAttentionDecoder initialized with image_size=(64, 64), patch_size=2
Effective image_size=64, calculated sequence_length=1280
LinearAttentionDecoder initialized with image_size=(64, 64), patch_size=2
Effective image_size=64, calculated sequence_length=1280
LinearAttentionDecoder initialized with image_size=(64, 64), patch_size=2
Effective image_size=64, calculated sequence_length=1280
LinearAttentionDecoder initialized with image_size=(64, 64), patch_size=2Effective image_size=64, calculated sequence_length=1280

LinearAttentionDecoder initialized with image_size=(64, 64), patch_size=2
Effective image_size=64, calculated sequence_length=1280
LinearAttentionDecoder initialized with image_size=(64, 64), patch_size=2
Effective image_size=64, calculated sequence_length=1280
LinearAttentionDecoder initialized with image_size=(64, 64), patch_size=2
Effective image_size=64, calculated sequence_length=1280
LinearAttentionDecoder initialized with image_size=(64, 64), patch_size=2
Effective image_size=64, calculated sequence_length=1280
LinearAttentionDecoder initialized with image_size=(64, 64), patch_size=2
Effective image_size=64, calculated sequence_length=1280
LinearAttentionDecoder initialized with image_size=(64, 64), patch_size=2
Effective image_size=64, calculated sequence_length=1280
LinearAttentionDecoder initialized with image_size=(64, 64), patch_size=2
Effective image_size=64, calculated sequence_length=1280
LinearAttentionDecoder initialized with image_size=(64, 64), patch_size=2
Effective image_size=64, calculated sequence_length=1280
LinearAttentionDecoder initialized with image_size=(64, 64), patch_size=2
Effective image_size=64, calculated sequence_length=1280
LinearAttentionDecoder initialized with image_size=(64, 64), patch_size=2
Effective image_size=64, calculated sequence_length=1280
LinearAttentionDecoder initialized with image_size=(64, 64), patch_size=2
Effective image_size=64, calculated sequence_length=1280
LinearAttentionDecoder initialized with image_size=(64, 64), patch_size=2
Effective image_size=64, calculated sequence_length=1280
LinearAttentionDecoder initialized with image_size=(64, 64), patch_size=2
Effective image_size=64, calculated sequence_length=1280
LinearAttentionDecoder initialized with image_size=(64, 64), patch_size=2
Effective image_size=64, calculated sequence_length=1280
LinearAttentionDecoder initialized with image_size=(64, 64), patch_size=2
Effective image_size=64, calculated sequence_length=1280
LinearAttentionDecoder initialized with image_size=(64, 64), patch_size=2
Effective image_size=64, calculated sequence_length=1280
Effective image_size=64, calculated sequence_length=1280
LinearAttentionDecoder initialized with image_size=(64, 64), patch_size=2
Effective image_size=64, calculated sequence_length=1280
LinearAttentionDecoder initialized with image_size=(64, 64), patch_size=2
Effective image_size=64, calculated sequence_length=1280
LinearAttentionDecoder initialized with image_size=(64, 64), patch_size=2
Effective image_size=64, calculated sequence_length=1280
LinearAttentionDecoder initialized with image_size=(64, 64), patch_size=2
Effective image_size=64, calculated sequence_length=1280
LinearAttentionDecoder initialized with image_size=(64, 64), patch_size=2
Effective image_size=64, calculated sequence_length=1280
LinearAttentionDecoder initialized with image_size=(64, 64), patch_size=2
Effective image_size=64, calculated sequence_length=1280
LinearAttentionDecoder initialized with image_size=(64, 64), patch_size=2
Effective image_size=64, calculated sequence_length=1280
Loading pipeline components...:  40%|████      | 2/5 [00:00<00:01,  1.96it/s]Loading pipeline components...:  40%|████      | 2/5 [00:00<00:01,  1.88it/s]An error occurred while trying to fetch /tmp/tmpf7mexk48/transformer: Error no file named diffusion_pytorch_model.safetensors found in directory /tmp/tmpf7mexk48/transformer.
Defaulting to unsafe serialization. Pass `allow_pickle=False` to raise an error instead.
LinearAttentionDecoder initialized with image_size=(64, 64), patch_size=2
Effective image_size=64, calculated sequence_length=1280
LinearAttentionDecoder initialized with image_size=(64, 64), patch_size=2
Effective image_size=64, calculated sequence_length=1280
LinearAttentionDecoder initialized with image_size=(64, 64), patch_size=2
Effective image_size=64, calculated sequence_length=1280
LinearAttentionDecoder initialized with image_size=(64, 64), patch_size=2
Effective image_size=64, calculated sequence_length=1280
LinearAttentionDecoder initialized with image_size=(64, 64), patch_size=2
Effective image_size=64, calculated sequence_length=1280
LinearAttentionDecoder initialized with image_size=(64, 64), patch_size=2
Effective image_size=64, calculated sequence_length=1280
LinearAttentionDecoder initialized with image_size=(64, 64), patch_size=2
Effective image_size=64, calculated sequence_length=1280
LinearAttentionDecoder initialized with image_size=(64, 64), patch_size=2
Effective image_size=64, calculated sequence_length=1280
LinearAttentionDecoder initialized with image_size=(64, 64), patch_size=2
Effective image_size=64, calculated sequence_length=1280
LinearAttentionDecoder initialized with image_size=(64, 64), patch_size=2
Effective image_size=64, calculated sequence_length=1280
LinearAttentionDecoder initialized with image_size=(64, 64), patch_size=2
Effective image_size=64, calculated sequence_length=1280
LinearAttentionDecoder initialized with image_size=(64, 64), patch_size=2
Effective image_size=64, calculated sequence_length=1280
LinearAttentionDecoder initialized with image_size=(64, 64), patch_size=2
Effective image_size=64, calculated sequence_length=1280
LinearAttentionDecoder initialized with image_size=(64, 64), patch_size=2
Effective image_size=64, calculated sequence_length=1280
LinearAttentionDecoder initialized with image_size=(64, 64), patch_size=2
Effective image_size=64, calculated sequence_length=1280
LinearAttentionDecoder initialized with image_size=(64, 64), patch_size=2
Effective image_size=64, calculated sequence_length=1280

Loading checkpoint shards:   0%|          | 0/2 [00:00<?, ?it/s][A
Loading checkpoint shards:  50%|█████     | 1/2 [00:07<00:07,  7.50s/it][ALoading pipeline components...:  40%|████      | 2/5 [00:08<00:15,  5.07s/it]Loading pipeline components...:  80%|████████  | 4/5 [00:08<00:02,  2.64s/it]
Loading checkpoint shards:   0%|          | 0/2 [00:00<?, ?it/s][ALoading pipeline components...:  20%|██        | 1/5 [00:09<00:36,  9.04s/it]Loading pipeline components...:  80%|████████  | 4/5 [00:08<00:02,  2.63s/it]Loading pipeline components...:  60%|██████    | 3/5 [00:08<00:05,  2.90s/it]
Loading checkpoint shards:   0%|          | 0/2 [00:00<?, ?it/s][A
Loading checkpoint shards:   0%|          | 0/2 [00:00<?, ?it/s][A
Loading checkpoint shards:   0%|          | 0/2 [00:00<?, ?it/s][ALoading pipeline components...:  40%|████      | 2/5 [00:09<00:13,  4.59s/it]
Loading checkpoint shards:   0%|          | 0/2 [00:00<?, ?it/s][ALoading pipeline components...:  60%|██████    | 3/5 [00:09<00:05,  2.75s/it]
Loading checkpoint shards:  50%|█████     | 1/2 [00:09<00:09,  9.52s/it][ALoading pipeline components...:  80%|████████  | 4/5 [00:09<00:01,  1.76s/it]
Loading checkpoint shards:   0%|          | 0/2 [00:00<?, ?it/s][A
Loading checkpoint shards: 100%|██████████| 2/2 [00:08<00:00,  3.80s/it][ALoading checkpoint shards: 100%|██████████| 2/2 [00:08<00:00,  4.35s/it]
Loading pipeline components...:  80%|████████  | 4/5 [00:09<00:02,  2.95s/it]An error occurred while trying to fetch /tmp/tmp2s8t906k/transformer: Error no file named diffusion_pytorch_model.safetensors found in directory /tmp/tmp2s8t906k/transformer.
Defaulting to unsafe serialization. Pass `allow_pickle=False` to raise an error instead.
LinearAttentionDecoder initialized with image_size=(64, 64), patch_size=2
Effective image_size=64, calculated sequence_length=1280
LinearAttentionDecoder initialized with image_size=(64, 64), patch_size=2
Effective image_size=64, calculated sequence_length=1280
LinearAttentionDecoder initialized with image_size=(64, 64), patch_size=2
Effective image_size=64, calculated sequence_length=1280
LinearAttentionDecoder initialized with image_size=(64, 64), patch_size=2
Effective image_size=64, calculated sequence_length=1280
LinearAttentionDecoder initialized with image_size=(64, 64), patch_size=2
Effective image_size=64, calculated sequence_length=1280
LinearAttentionDecoder initialized with image_size=(64, 64), patch_size=2
Effective image_size=64, calculated sequence_length=1280
LinearAttentionDecoder initialized with image_size=(64, 64), patch_size=2
Effective image_size=64, calculated sequence_length=1280
LinearAttentionDecoder initialized with image_size=(64, 64), patch_size=2
Effective image_size=64, calculated sequence_length=1280
LinearAttentionDecoder initialized with image_size=(64, 64), patch_size=2
Effective image_size=64, calculated sequence_length=1280
LinearAttentionDecoder initialized with image_size=(64, 64), patch_size=2
Effective image_size=64, calculated sequence_length=1280
LinearAttentionDecoder initialized with image_size=(64, 64), patch_size=2
Effective image_size=64, calculated sequence_length=1280
LinearAttentionDecoder initialized with image_size=(64, 64), patch_size=2
Effective image_size=64, calculated sequence_length=1280
LinearAttentionDecoder initialized with image_size=(64, 64), patch_size=2
Effective image_size=64, calculated sequence_length=1280
LinearAttentionDecoder initialized with image_size=(64, 64), patch_size=2
Effective image_size=64, calculated sequence_length=1280
LinearAttentionDecoder initialized with image_size=(64, 64), patch_size=2
Effective image_size=64, calculated sequence_length=1280
LinearAttentionDecoder initialized with image_size=(64, 64), patch_size=2
Effective image_size=64, calculated sequence_length=1280

Loading checkpoint shards: 100%|██████████| 2/2 [00:10<00:00,  4.60s/it][ALoading checkpoint shards: 100%|██████████| 2/2 [00:10<00:00,  5.34s/it]
Loading pipeline components...:  20%|██        | 1/5 [00:10<00:43, 10.79s/it]Loading pipeline components...:  60%|██████    | 3/5 [00:10<00:05,  2.85s/it]An error occurred while trying to fetch /tmp/tmpbufjlac3/transformer: Error no file named diffusion_pytorch_model.safetensors found in directory /tmp/tmpbufjlac3/transformer.
Defaulting to unsafe serialization. Pass `allow_pickle=False` to raise an error instead.
LinearAttentionDecoder initialized with image_size=(64, 64), patch_size=2
Effective image_size=64, calculated sequence_length=1280
LinearAttentionDecoder initialized with image_size=(64, 64), patch_size=2
Effective image_size=64, calculated sequence_length=1280
LinearAttentionDecoder initialized with image_size=(64, 64), patch_size=2
Effective image_size=64, calculated sequence_length=1280
LinearAttentionDecoder initialized with image_size=(64, 64), patch_size=2
Effective image_size=64, calculated sequence_length=1280
LinearAttentionDecoder initialized with image_size=(64, 64), patch_size=2
Effective image_size=64, calculated sequence_length=1280
LinearAttentionDecoder initialized with image_size=(64, 64), patch_size=2
Effective image_size=64, calculated sequence_length=1280
LinearAttentionDecoder initialized with image_size=(64, 64), patch_size=2
Effective image_size=64, calculated sequence_length=1280
LinearAttentionDecoder initialized with image_size=(64, 64), patch_size=2
Effective image_size=64, calculated sequence_length=1280
LinearAttentionDecoder initialized with image_size=(64, 64), patch_size=2
Effective image_size=64, calculated sequence_length=1280
LinearAttentionDecoder initialized with image_size=(64, 64), patch_size=2
Effective image_size=64, calculated sequence_length=1280
LinearAttentionDecoder initialized with image_size=(64, 64), patch_size=2
Effective image_size=64, calculated sequence_length=1280
LinearAttentionDecoder initialized with image_size=(64, 64), patch_size=2
Effective image_size=64, calculated sequence_length=1280
LinearAttentionDecoder initialized with image_size=(64, 64), patch_size=2
Effective image_size=64, calculated sequence_length=1280
LinearAttentionDecoder initialized with image_size=(64, 64), patch_size=2
Effective image_size=64, calculated sequence_length=1280
LinearAttentionDecoder initialized with image_size=(64, 64), patch_size=2
Effective image_size=64, calculated sequence_length=1280
LinearAttentionDecoder initialized with image_size=(64, 64), patch_size=2
Effective image_size=64, calculated sequence_length=1280

Loading checkpoint shards:  50%|█████     | 1/2 [00:05<00:05,  5.09s/it][A
Loading checkpoint shards:  50%|█████     | 1/2 [00:05<00:05,  5.43s/it][A
Loading checkpoint shards:  50%|█████     | 1/2 [00:05<00:05,  5.33s/it][A
Loading checkpoint shards:  50%|█████     | 1/2 [00:05<00:05,  5.33s/it][A
Loading checkpoint shards:  50%|█████     | 1/2 [00:05<00:05,  5.44s/it][A
Loading checkpoint shards:  50%|█████     | 1/2 [00:05<00:05,  5.41s/it][A
Loading checkpoint shards: 100%|██████████| 2/2 [00:06<00:00,  2.82s/it][ALoading checkpoint shards: 100%|██████████| 2/2 [00:06<00:00,  3.22s/it]

Loading checkpoint shards: 100%|██████████| 2/2 [00:06<00:00,  2.75s/it][ALoading checkpoint shards: 100%|██████████| 2/2 [00:06<00:00,  3.10s/it]
Loading pipeline components...: 100%|██████████| 5/5 [00:15<00:00,  3.84s/it]Loading pipeline components...: 100%|██████████| 5/5 [00:15<00:00,  3.05s/it]

Loading checkpoint shards: 100%|██████████| 2/2 [00:06<00:00,  2.72s/it][ALoading checkpoint shards: 100%|██████████| 2/2 [00:06<00:00,  3.11s/it]
Loading pipeline components...: 100%|██████████| 5/5 [00:15<00:00,  3.71s/it]Loading pipeline components...: 100%|██████████| 5/5 [00:15<00:00,  3.05s/it]

Loading checkpoint shards: 100%|██████████| 2/2 [00:06<00:00,  2.71s/it][ALoading checkpoint shards: 100%|██████████| 2/2 [00:06<00:00,  3.10s/it]
Loading pipeline components...:  60%|██████    | 3/5 [00:15<00:09,  4.68s/it]Loading pipeline components...: 100%|██████████| 5/5 [00:15<00:00,  3.04s/it]Loading pipeline components...: 100%|██████████| 5/5 [00:15<00:00,  3.05s/it]

Loading checkpoint shards: 100%|██████████| 2/2 [00:06<00:00,  2.76s/it][ALoading checkpoint shards: 100%|██████████| 2/2 [00:06<00:00,  3.16s/it]
Loading pipeline components...:  80%|████████  | 4/5 [00:15<00:04,  4.54s/it]Loading pipeline components...: 100%|██████████| 5/5 [00:15<00:00,  3.29s/it]Loading pipeline components...: 100%|██████████| 5/5 [00:15<00:00,  3.16s/it]
Loading pipeline components...:  80%|████████  | 4/5 [00:15<00:03,  3.25s/it]Loading pipeline components...: 100%|██████████| 5/5 [00:16<00:00,  3.20s/it]
Loading pipeline components...: 100%|██████████| 5/5 [00:16<00:00,  4.09s/it]Loading pipeline components...: 100%|██████████| 5/5 [00:16<00:00,  3.27s/it]

Loading checkpoint shards: 100%|██████████| 2/2 [00:06<00:00,  3.13s/it][ALoading checkpoint shards: 100%|██████████| 2/2 [00:06<00:00,  3.47s/it]
Loading pipeline components...: 100%|██████████| 5/5 [00:16<00:00,  3.59s/it]Loading pipeline components...: 100%|██████████| 5/5 [00:16<00:00,  3.29s/it]
Loading pipeline components...: 100%|██████████| 5/5 [00:16<00:00,  2.89s/it]Loading pipeline components...: 100%|██████████| 5/5 [00:16<00:00,  3.35s/it]
[2025-10-11 19:30:38,022] [INFO] [real_accelerator.py:222:get_accelerator] Setting ds_accelerator to cuda (auto detect)
[2025-10-11 19:30:38,119] [INFO] [real_accelerator.py:222:get_accelerator] Setting ds_accelerator to cuda (auto detect)
[2025-10-11 19:30:39,289] [INFO] [real_accelerator.py:222:get_accelerator] Setting ds_accelerator to cuda (auto detect)
[2025-10-11 19:30:39,769] [INFO] [real_accelerator.py:222:get_accelerator] Setting ds_accelerator to cuda (auto detect)
[2025-10-11 19:30:39,923] [INFO] [real_accelerator.py:222:get_accelerator] Setting ds_accelerator to cuda (auto detect)
[2025-10-11 19:30:42,246] [INFO] [real_accelerator.py:222:get_accelerator] Setting ds_accelerator to cuda (auto detect)
[2025-10-11 19:30:42,579] [INFO] [real_accelerator.py:222:get_accelerator] Setting ds_accelerator to cuda (auto detect)
[2025-10-11 19:30:42,773] [INFO] [real_accelerator.py:222:get_accelerator] Setting ds_accelerator to cuda (auto detect)
/share/project/wangjiahao/LAR/diffnext/models/vision_transformer_linear_decouple1_kvscale1_high_res.py:68: FutureWarning: `torch.cuda.amp.autocast(args...)` is deprecated. Please use `torch.amp.autocast('cuda', args...)` instead.
  with torch.cuda.amp.autocast(enabled=not use_fp32_attention):
/share/project/wangjiahao/LAR/diffnext/models/vision_transformer_linear_decouple1_kvscale1_high_res.py:68: FutureWarning: `torch.cuda.amp.autocast(args...)` is deprecated. Please use `torch.amp.autocast('cuda', args...)` instead.
  with torch.cuda.amp.autocast(enabled=not use_fp32_attention):
/share/project/wangjiahao/LAR/diffnext/models/vision_transformer_linear_decouple1_kvscale1_high_res.py:68: FutureWarning: `torch.cuda.amp.autocast(args...)` is deprecated. Please use `torch.amp.autocast('cuda', args...)` instead.
  with torch.cuda.amp.autocast(enabled=not use_fp32_attention):
/share/project/wangjiahao/LAR/diffnext/models/vision_transformer_linear_decouple1_kvscale1_high_res.py:68: FutureWarning: `torch.cuda.amp.autocast(args...)` is deprecated. Please use `torch.amp.autocast('cuda', args...)` instead.
  with torch.cuda.amp.autocast(enabled=not use_fp32_attention):
/share/project/wangjiahao/LAR/diffnext/models/vision_transformer_linear_decouple1_kvscale1_high_res.py:68: FutureWarning: `torch.cuda.amp.autocast(args...)` is deprecated. Please use `torch.amp.autocast('cuda', args...)` instead.
  with torch.cuda.amp.autocast(enabled=not use_fp32_attention):
/share/project/wangjiahao/LAR/diffnext/models/vision_transformer_linear_decouple1_kvscale1_high_res.py:68: FutureWarning: `torch.cuda.amp.autocast(args...)` is deprecated. Please use `torch.amp.autocast('cuda', args...)` instead.
  with torch.cuda.amp.autocast(enabled=not use_fp32_attention):
/share/project/wangjiahao/LAR/diffnext/models/vision_transformer_linear_decouple1_kvscale1_high_res.py:68: FutureWarning: `torch.cuda.amp.autocast(args...)` is deprecated. Please use `torch.amp.autocast('cuda', args...)` instead.
  with torch.cuda.amp.autocast(enabled=not use_fp32_attention):
/share/project/wangjiahao/LAR/diffnext/models/vision_transformer_linear_decouple1_kvscale1_high_res.py:68: FutureWarning: `torch.cuda.amp.autocast(args...)` is deprecated. Please use `torch.amp.autocast('cuda', args...)` instead.
  with torch.cuda.amp.autocast(enabled=not use_fp32_attention):
/share/project/wangjiahao/LAR/diffnext/models/vision_transformer_linear_decouple1_kvscale1_high_res.py:133: FutureWarning: `torch.cuda.amp.autocast(args...)` is deprecated. Please use `torch.amp.autocast('cuda', args...)` instead.
  with torch.cuda.amp.autocast(enabled=not use_fp32_attention):
/share/project/wangjiahao/LAR/diffnext/models/vision_transformer_linear_decouple1_kvscale1_high_res.py:133: FutureWarning: `torch.cuda.amp.autocast(args...)` is deprecated. Please use `torch.amp.autocast('cuda', args...)` instead.
  with torch.cuda.amp.autocast(enabled=not use_fp32_attention):
/share/project/wangjiahao/LAR/diffnext/models/vision_transformer_linear_decouple1_kvscale1_high_res.py:133: FutureWarning: `torch.cuda.amp.autocast(args...)` is deprecated. Please use `torch.amp.autocast('cuda', args...)` instead.
  with torch.cuda.amp.autocast(enabled=not use_fp32_attention):
/share/project/wangjiahao/LAR/diffnext/models/vision_transformer_linear_decouple1_kvscale1_high_res.py:133: FutureWarning: `torch.cuda.amp.autocast(args...)` is deprecated. Please use `torch.amp.autocast('cuda', args...)` instead.
  with torch.cuda.amp.autocast(enabled=not use_fp32_attention):
/share/project/wangjiahao/LAR/diffnext/models/vision_transformer_linear_decouple1_kvscale1_high_res.py:133: FutureWarning: `torch.cuda.amp.autocast(args...)` is deprecated. Please use `torch.amp.autocast('cuda', args...)` instead.
  with torch.cuda.amp.autocast(enabled=not use_fp32_attention):
/share/project/wangjiahao/LAR/diffnext/models/vision_transformer_linear_decouple1_kvscale1_high_res.py:133: FutureWarning: `torch.cuda.amp.autocast(args...)` is deprecated. Please use `torch.amp.autocast('cuda', args...)` instead.
  with torch.cuda.amp.autocast(enabled=not use_fp32_attention):
/share/project/wangjiahao/LAR/diffnext/models/vision_transformer_linear_decouple1_kvscale1_high_res.py:133: FutureWarning: `torch.cuda.amp.autocast(args...)` is deprecated. Please use `torch.amp.autocast('cuda', args...)` instead.
  with torch.cuda.amp.autocast(enabled=not use_fp32_attention):
/share/project/wangjiahao/LAR/diffnext/models/vision_transformer_linear_decouple1_kvscale1_high_res.py:133: FutureWarning: `torch.cuda.amp.autocast(args...)` is deprecated. Please use `torch.amp.autocast('cuda', args...)` instead.
  with torch.cuda.amp.autocast(enabled=not use_fp32_attention):
/share/project/wangjiahao/anaconda3/envs/nova3/lib/python3.10/site-packages/torch/utils/checkpoint.py:1399: FutureWarning: `torch.cpu.amp.autocast(args...)` is deprecated. Please use `torch.amp.autocast('cpu', args...)` instead.
  with device_autocast_ctx, torch.cpu.amp.autocast(**cpu_autocast_kwargs), recompute_context:  # type: ignore[attr-defined]
/share/project/wangjiahao/anaconda3/envs/nova3/lib/python3.10/site-packages/torch/utils/checkpoint.py:1399: FutureWarning: `torch.cpu.amp.autocast(args...)` is deprecated. Please use `torch.amp.autocast('cpu', args...)` instead.
  with device_autocast_ctx, torch.cpu.amp.autocast(**cpu_autocast_kwargs), recompute_context:  # type: ignore[attr-defined]
/share/project/wangjiahao/anaconda3/envs/nova3/lib/python3.10/site-packages/torch/utils/checkpoint.py:1399: FutureWarning: `torch.cpu.amp.autocast(args...)` is deprecated. Please use `torch.amp.autocast('cpu', args...)` instead.
  with device_autocast_ctx, torch.cpu.amp.autocast(**cpu_autocast_kwargs), recompute_context:  # type: ignore[attr-defined]
/share/project/wangjiahao/anaconda3/envs/nova3/lib/python3.10/site-packages/torch/utils/checkpoint.py:1399: FutureWarning: `torch.cpu.amp.autocast(args...)` is deprecated. Please use `torch.amp.autocast('cpu', args...)` instead.
  with device_autocast_ctx, torch.cpu.amp.autocast(**cpu_autocast_kwargs), recompute_context:  # type: ignore[attr-defined]
/share/project/wangjiahao/anaconda3/envs/nova3/lib/python3.10/site-packages/torch/utils/checkpoint.py:1399: FutureWarning: `torch.cpu.amp.autocast(args...)` is deprecated. Please use `torch.amp.autocast('cpu', args...)` instead.
  with device_autocast_ctx, torch.cpu.amp.autocast(**cpu_autocast_kwargs), recompute_context:  # type: ignore[attr-defined]
/share/project/wangjiahao/anaconda3/envs/nova3/lib/python3.10/site-packages/torch/utils/checkpoint.py:1399: FutureWarning: `torch.cpu.amp.autocast(args...)` is deprecated. Please use `torch.amp.autocast('cpu', args...)` instead.
  with device_autocast_ctx, torch.cpu.amp.autocast(**cpu_autocast_kwargs), recompute_context:  # type: ignore[attr-defined]
/share/project/wangjiahao/anaconda3/envs/nova3/lib/python3.10/site-packages/torch/utils/checkpoint.py:1399: FutureWarning: `torch.cpu.amp.autocast(args...)` is deprecated. Please use `torch.amp.autocast('cpu', args...)` instead.
  with device_autocast_ctx, torch.cpu.amp.autocast(**cpu_autocast_kwargs), recompute_context:  # type: ignore[attr-defined]
/share/project/wangjiahao/anaconda3/envs/nova3/lib/python3.10/site-packages/torch/utils/checkpoint.py:1399: FutureWarning: `torch.cpu.amp.autocast(args...)` is deprecated. Please use `torch.amp.autocast('cpu', args...)` instead.
  with device_autocast_ctx, torch.cpu.amp.autocast(**cpu_autocast_kwargs), recompute_context:  # type: ignore[attr-defined]
